Component: ARM Compiler 5.06 update 6 (build 750) Tool: armlink [4d35ed]

==============================================================================

Section Cross References

    startup_stm32wb55xx_cm4.o(RESET) refers to startup_stm32wb55xx_cm4.o(STACK) for __initial_sp
    startup_stm32wb55xx_cm4.o(RESET) refers to startup_stm32wb55xx_cm4.o(.text) for Reset_Handler
    startup_stm32wb55xx_cm4.o(RESET) refers to stm32wbxx_it.o(i.NMI_Handler) for NMI_Handler
    startup_stm32wb55xx_cm4.o(RESET) refers to stm32wbxx_it.o(i.HardFault_Handler) for HardFault_Handler
    startup_stm32wb55xx_cm4.o(RESET) refers to stm32wbxx_it.o(i.MemManage_Handler) for MemManage_Handler
    startup_stm32wb55xx_cm4.o(RESET) refers to stm32wbxx_it.o(i.BusFault_Handler) for BusFault_Handler
    startup_stm32wb55xx_cm4.o(RESET) refers to stm32wbxx_it.o(i.UsageFault_Handler) for UsageFault_Handler
    startup_stm32wb55xx_cm4.o(RESET) refers to stm32wbxx_it.o(i.SVC_Handler) for SVC_Handler
    startup_stm32wb55xx_cm4.o(RESET) refers to stm32wbxx_it.o(i.DebugMon_Handler) for DebugMon_Handler
    startup_stm32wb55xx_cm4.o(RESET) refers to stm32wbxx_it.o(i.PendSV_Handler) for PendSV_Handler
    startup_stm32wb55xx_cm4.o(RESET) refers to stm32wbxx_it.o(i.SysTick_Handler) for SysTick_Handler
    startup_stm32wb55xx_cm4.o(.text) refers to system_stm32wbxx.o(i.SystemInit) for SystemInit
    startup_stm32wb55xx_cm4.o(.text) refers to entry.o(.ARM.Collect$$$$00000000) for __main
    main.o(i.SystemClock_Config) refers to memseta.o(.text) for __aeabi_memclr4
    main.o(i.SystemClock_Config) refers to stm32wbxx_hal_rcc.o(i.HAL_RCC_OscConfig) for HAL_RCC_OscConfig
    main.o(i.SystemClock_Config) refers to stm32wbxx_hal_rcc.o(i.HAL_RCC_ClockConfig) for HAL_RCC_ClockConfig
    main.o(i.SystemClock_Config) refers to stm32wbxx_hal_rcc_ex.o(i.HAL_RCCEx_PeriphCLKConfig) for HAL_RCCEx_PeriphCLKConfig
    main.o(i.main) refers to stm32wbxx_hal.o(i.HAL_Init) for HAL_Init
    main.o(i.main) refers to main.o(i.SystemClock_Config) for SystemClock_Config
    main.o(i.main) refers to gpio.o(i.MX_GPIO_Init) for MX_GPIO_Init
    main.o(i.main) refers to usart.o(i.MX_LPUART1_UART_Init) for MX_LPUART1_UART_Init
    main.o(i.main) refers to quadspi.o(i.MX_QUADSPI_Init) for MX_QUADSPI_Init
    main.o(i.main) refers to usb.o(i.MX_USB_PCD_Init) for MX_USB_PCD_Init
    main.o(i.main) refers to printfb.o(i.__0printf$bare) for __2printf
    main.o(i.main) refers to stm32wbxx_hal_gpio.o(i.HAL_GPIO_WritePin) for HAL_GPIO_WritePin
    main.o(i.main) refers to stm32wbxx_hal.o(i.HAL_Delay) for HAL_Delay
    gpio.o(i.MX_GPIO_Init) refers to memseta.o(.text) for __aeabi_memclr4
    gpio.o(i.MX_GPIO_Init) refers to gpio.o(i.LL_AHB2_GRP1_EnableClock) for LL_AHB2_GRP1_EnableClock
    gpio.o(i.MX_GPIO_Init) refers to stm32wbxx_hal_gpio.o(i.HAL_GPIO_WritePin) for HAL_GPIO_WritePin
    gpio.o(i.MX_GPIO_Init) refers to stm32wbxx_hal_gpio.o(i.HAL_GPIO_Init) for HAL_GPIO_Init
    usart.o(i.HAL_UART_MspDeInit) refers to stm32wbxx_hal_gpio.o(i.HAL_GPIO_DeInit) for HAL_GPIO_DeInit
    usart.o(i.HAL_UART_MspInit) refers to memseta.o(.text) for __aeabi_memclr4
    usart.o(i.HAL_UART_MspInit) refers to stm32wbxx_hal_gpio.o(i.HAL_GPIO_Init) for HAL_GPIO_Init
    usart.o(i.MX_LPUART1_UART_Init) refers to stm32wbxx_hal_uart.o(i.HAL_UART_Init) for HAL_UART_Init
    usart.o(i.MX_LPUART1_UART_Init) refers to main.o(i.Error_Handler) for Error_Handler
    usart.o(i.MX_LPUART1_UART_Init) refers to stm32wbxx_hal_uart_ex.o(i.HAL_UARTEx_SetTxFifoThreshold) for HAL_UARTEx_SetTxFifoThreshold
    usart.o(i.MX_LPUART1_UART_Init) refers to stm32wbxx_hal_uart_ex.o(i.HAL_UARTEx_SetRxFifoThreshold) for HAL_UARTEx_SetRxFifoThreshold
    usart.o(i.MX_LPUART1_UART_Init) refers to stm32wbxx_hal_uart_ex.o(i.HAL_UARTEx_DisableFifoMode) for HAL_UARTEx_DisableFifoMode
    usart.o(i.MX_LPUART1_UART_Init) refers to usart.o(.bss) for .bss
    usart.o(i.Usart_SendString) refers to stm32wbxx_hal_uart.o(i.HAL_UART_Transmit) for HAL_UART_Transmit
    usart.o(i.Usart_SendString) refers to usart.o(.bss) for .bss
    usart.o(i.fgetc) refers to stm32wbxx_hal_uart.o(i.HAL_UART_Receive) for HAL_UART_Receive
    usart.o(i.fgetc) refers to usart.o(.bss) for .bss
    usart.o(i.fputc) refers to stm32wbxx_hal_uart.o(i.HAL_UART_Transmit) for HAL_UART_Transmit
    usart.o(i.fputc) refers to usart.o(.bss) for .bss
    quadspi.o(i.HAL_QSPI_MspDeInit) refers to stm32wbxx_hal_gpio.o(i.HAL_GPIO_DeInit) for HAL_GPIO_DeInit
    quadspi.o(i.HAL_QSPI_MspInit) refers to memseta.o(.text) for __aeabi_memclr4
    quadspi.o(i.HAL_QSPI_MspInit) refers to quadspi.o(i.LL_AHB2_GRP1_EnableClock) for LL_AHB2_GRP1_EnableClock
    quadspi.o(i.HAL_QSPI_MspInit) refers to stm32wbxx_hal_gpio.o(i.HAL_GPIO_Init) for HAL_GPIO_Init
    quadspi.o(i.MX_QUADSPI_Init) refers to stm32wbxx_hal_qspi.o(i.HAL_QSPI_Init) for HAL_QSPI_Init
    quadspi.o(i.MX_QUADSPI_Init) refers to main.o(i.Error_Handler) for Error_Handler
[...]
    Removing stm32wbxx_hal_rcc.o(i.HAL_RCC_GetHCLK4Freq), (36 bytes).
    Removing stm32wbxx_hal_rcc.o(i.HAL_RCC_GetOscConfig), (226 bytes).
    Removing stm32wbxx_hal_rcc.o(i.HAL_RCC_MCOConfig), (120 bytes).
    Removing stm32wbxx_hal_rcc.o(i.HAL_RCC_NMI_IRQHandler), (24 bytes).
    Removing stm32wbxx_hal_rcc.o(i.LL_AHB2_GRP1_EnableClock), (20 bytes).
    Removing stm32wbxx_hal_rcc_ex.o(.rev16_text), (4 bytes).
    Removing stm32wbxx_hal_rcc_ex.o(.revsh_text), (4 bytes).
    Removing stm32wbxx_hal_rcc_ex.o(.rrx_text), (6 bytes).
    Removing stm32wbxx_hal_rcc_ex.o(i.HAL_RCCEx_CRSConfig), (72 bytes).
    Removing stm32wbxx_hal_rcc_ex.o(i.HAL_RCCEx_CRSGetSynchronizationInfo), (36 bytes).
    Removing stm32wbxx_hal_rcc_ex.o(i.HAL_RCCEx_CRSSoftwareSynchronizationGenerate), (16 bytes).
    Removing stm32wbxx_hal_rcc_ex.o(i.HAL_RCCEx_CRSWaitSynchronization), (132 bytes).
    Removing stm32wbxx_hal_rcc_ex.o(i.HAL_RCCEx_CRS_ErrorCallback), (2 bytes).
    Removing stm32wbxx_hal_rcc_ex.o(i.HAL_RCCEx_CRS_ExpectedSyncCallback), (2 bytes).
    Removing stm32wbxx_hal_rcc_ex.o(i.HAL_RCCEx_CRS_IRQHandler), (108 bytes).
    Removing stm32wbxx_hal_rcc_ex.o(i.HAL_RCCEx_CRS_SyncOkCallback), (2 bytes).
    Removing stm32wbxx_hal_rcc_ex.o(i.HAL_RCCEx_CRS_SyncWarnCallback), (2 bytes).
    Removing stm32wbxx_hal_rcc_ex.o(i.HAL_RCCEx_DisableLSCO), (52 bytes).
    Removing stm32wbxx_hal_rcc_ex.o(i.HAL_RCCEx_DisableLSECSS), (26 bytes).
    Removing stm32wbxx_hal_rcc_ex.o(i.HAL_RCCEx_DisableMSIPLLMode), (14 bytes).
    Removing stm32wbxx_hal_rcc_ex.o(i.HAL_RCCEx_DisablePLLSAI1), (60 bytes).
    Removing stm32wbxx_hal_rcc_ex.o(i.HAL_RCCEx_EnableLSCO), (96 bytes).
    Removing stm32wbxx_hal_rcc_ex.o(i.HAL_RCCEx_EnableLSECSS), (16 bytes).
    Removing stm32wbxx_hal_rcc_ex.o(i.HAL_RCCEx_EnableLSECSS_IT), (52 bytes).
    Removing stm32wbxx_hal_rcc_ex.o(i.HAL_RCCEx_EnableMSIPLLMode), (14 bytes).
    Removing stm32wbxx_hal_rcc_ex.o(i.HAL_RCCEx_EnablePLLSAI1), (120 bytes).
    Removing stm32wbxx_hal_rcc_ex.o(i.HAL_RCCEx_GetPeriphCLKConfig), (170 bytes).
    Removing stm32wbxx_hal_rcc_ex.o(i.HAL_RCCEx_GetPeriphCLKFreq), (988 bytes).
    Removing stm32wbxx_hal_rcc_ex.o(i.HAL_RCCEx_GetRngCLKSource), (28 bytes).
    Removing stm32wbxx_hal_rcc_ex.o(i.HAL_RCCEx_LSCOConfig), (156 bytes).
    Removing stm32wbxx_hal_rcc_ex.o(i.HAL_RCCEx_LSECSS_Callback), (2 bytes).
    Removing stm32wbxx_hal_rcc_ex.o(i.HAL_RCCEx_LSECSS_IRQHandler), (24 bytes).
    Removing stm32wbxx_hal_rcc_ex.o(i.HAL_RCCEx_TrimOsc), (56 bytes).
    Removing stm32wbxx_hal_rcc_ex.o(i.HAL_RCCEx_WakeUpStopCLKConfig), (16 bytes).
    Removing stm32wbxx_hal_rcc_ex.o(i.LL_AHB2_GRP1_EnableClock), (20 bytes).
    Removing stm32wbxx_hal_rcc_ex.o(i.LL_RCC_GetAHBPrescaler), (12 bytes).
    Removing stm32wbxx_hal_rcc_ex.o(i.LL_RCC_GetAPB1Prescaler), (12 bytes).
    Removing stm32wbxx_hal_rcc_ex.o(i.LL_RCC_GetI2CClockSource), (18 bytes).
    Removing stm32wbxx_hal_rcc_ex.o(i.LL_RCC_GetLPTIMClockSource), (16 bytes).
    Removing stm32wbxx_hal_rcc_ex.o(i.LL_RCC_HSE_IsEnabledDiv2), (12 bytes).
    Removing stm32wbxx_hal_rcc_ex.o(i.LL_RCC_HSI_IsReady), (12 bytes).
    Removing stm32wbxx_hal_rcc_ex.o(i.LL_RCC_LSI1_IsReady), (14 bytes).
    Removing stm32wbxx_hal_rcc_ex.o(i.LL_RCC_LSI2_IsReady), (14 bytes).
    Removing stm32wbxx_hal_rcc_ex.o(i.LL_RCC_MSI_GetRange), (18 bytes).
    Removing stm32wbxx_hal_rcc_ex.o(i.LL_RCC_PLLSAI1_GetN), (12 bytes).
    Removing stm32wbxx_hal_rcc_ex.o(i.LL_RCC_PLL_GetDivider), (12 bytes).
    Removing stm32wbxx_hal_rcc_ex.o(i.LL_RCC_PLL_GetMainSource), (12 bytes).
    Removing stm32wbxx_hal_rcc_ex.o(i.LL_RCC_PLL_IsReady), (12 bytes).
    Removing stm32wbxx_hal_rcc_ex.o(i.RCC_PLLSAI1_GetFreqDomain_P), (100 bytes).
    Removing stm32wbxx_hal_rcc_ex.o(i.RCC_PLLSAI1_GetFreqDomain_Q), (100 bytes).
    Removing stm32wbxx_hal_rcc_ex.o(i.RCC_PLLSAI1_GetFreqDomain_R), (96 bytes).
    Removing stm32wbxx_hal_rcc_ex.o(i.RCC_PLL_GetFreqDomain_P), (104 bytes).
    Removing stm32wbxx_hal_rcc_ex.o(i.RCC_PLL_GetFreqDomain_Q), (104 bytes).
    Removing stm32wbxx_hal_flash.o(.rev16_text), (4 bytes).
    Removing stm32wbxx_hal_flash.o(.revsh_text), (4 bytes).
    Removing stm32wbxx_hal_flash.o(.rrx_text), (6 bytes).
    Removing stm32wbxx_hal_flash.o(i.FLASH_Program_DoubleWord), (28 bytes).
    Removing stm32wbxx_hal_flash.o(i.FLASH_Program_Fast), (52 bytes).
    Removing stm32wbxx_hal_flash.o(i.FLASH_WaitForLastOperation), (108 bytes).
    Removing stm32wbxx_hal_flash.o(i.HAL_FLASH_EndOfOperationCallback), (2 bytes).
    Removing stm32wbxx_hal_flash.o(i.HAL_FLASH_GetError), (12 bytes).
    Removing stm32wbxx_hal_flash.o(i.HAL_FLASH_IRQHandler), (152 bytes).
    Removing stm32wbxx_hal_flash.o(i.HAL_FLASH_Lock), (28 bytes).
    Removing stm32wbxx_hal_flash.o(i.HAL_FLASH_OB_Launch), (20 bytes).
    Removing stm32wbxx_hal_flash.o(i.HAL_FLASH_OB_Lock), (28 bytes).
    Removing stm32wbxx_hal_flash.o(i.HAL_FLASH_OB_Unlock), (40 bytes).
    Removing stm32wbxx_hal_flash.o(i.HAL_FLASH_OperationErrorCallback), (2 bytes).
    Removing stm32wbxx_hal_flash.o(i.HAL_FLASH_Program), (100 bytes).
    Removing stm32wbxx_hal_flash.o(i.HAL_FLASH_Program_IT), (108 bytes).
    Removing stm32wbxx_hal_flash.o(i.HAL_FLASH_Unlock), (40 bytes).
    Removing stm32wbxx_hal_flash.o(.bss), (24 bytes).
    Removing stm32wbxx_hal_flash_ex.o(.rev16_text), (4 bytes).
    Removing stm32wbxx_hal_flash_ex.o(.revsh_text), (4 bytes).
    Removing stm32wbxx_hal_flash_ex.o(.rrx_text), (6 bytes).
    Removing stm32wbxx_hal_flash_ex.o(i.FLASH_FlushCaches), (84 bytes).
    Removing stm32wbxx_hal_flash_ex.o(i.FLASH_OB_GetRDP), (24 bytes).
    Removing stm32wbxx_hal_flash_ex.o(i.FLASH_OB_GetUser), (24 bytes).
    Removing stm32wbxx_hal_flash_ex.o(i.FLASH_OB_OptrConfig), (24 bytes).
    Removing stm32wbxx_hal_flash_ex.o(i.FLASH_OB_SecureConfig), (160 bytes).
    Removing stm32wbxx_hal_flash_ex.o(i.FLASH_PageErase), (28 bytes).
    Removing stm32wbxx_hal_flash_ex.o(i.HAL_FLASHEx_AllowOperation), (16 bytes).
    Removing stm32wbxx_hal_flash_ex.o(i.HAL_FLASHEx_Erase), (132 bytes).
    Removing stm32wbxx_hal_flash_ex.o(i.HAL_FLASHEx_Erase_IT), (88 bytes).
    Removing stm32wbxx_hal_flash_ex.o(i.HAL_FLASHEx_FlashEmptyCheck), (16 bytes).
    Removing stm32wbxx_hal_flash_ex.o(i.HAL_FLASHEx_ForceFlashEmpty), (20 bytes).
    Removing stm32wbxx_hal_flash_ex.o(i.HAL_FLASHEx_IsOperationSuspended), (20 bytes).
    Removing stm32wbxx_hal_flash_ex.o(i.HAL_FLASHEx_OBGetConfig), (256 bytes).
    Removing stm32wbxx_hal_flash_ex.o(i.HAL_FLASHEx_OBProgram), (284 bytes).
    Removing stm32wbxx_hal_flash_ex.o(i.HAL_FLASHEx_SuspendOperation), (16 bytes).
    Removing stm32wbxx_hal_gpio.o(.rev16_text), (4 bytes).
    Removing stm32wbxx_hal_gpio.o(.revsh_text), (4 bytes).
    Removing stm32wbxx_hal_gpio.o(.rrx_text), (6 bytes).
    Removing stm32wbxx_hal_gpio.o(i.HAL_GPIO_DeInit), (316 bytes).
    Removing stm32wbxx_hal_gpio.o(i.HAL_GPIO_EXTI_Callback), (2 bytes).
    Removing stm32wbxx_hal_gpio.o(i.HAL_GPIO_EXTI_IRQHandler), (24 bytes).
    Removing stm32wbxx_hal_gpio.o(i.HAL_GPIO_LockPin), (34 bytes).
    Removing stm32wbxx_hal_gpio.o(i.HAL_GPIO_ReadPin), (10 bytes).
    Removing stm32wbxx_hal_gpio.o(i.HAL_GPIO_TogglePin), (16 bytes).
    Removing stm32wbxx_hal_hsem.o(.rev16_text), (4 bytes).
    Removing stm32wbxx_hal_hsem.o(.revsh_text), (4 bytes).
    Removing stm32wbxx_hal_hsem.o(.rrx_text), (6 bytes).
    Removing stm32wbxx_hal_dma.o(.rev16_text), (4 bytes).
    Removing stm32wbxx_hal_dma.o(.revsh_text), (4 bytes).
    Removing stm32wbxx_hal_dma.o(.rrx_text), (6 bytes).
    Removing stm32wbxx_hal_dma.o(i.DMA_CalcDMAMUXChannelBaseAndMask), (64 bytes).
    Removing stm32wbxx_hal_dma.o(i.DMA_CalcDMAMUXRequestGenBaseAndMask), (40 bytes).
    Removing stm32wbxx_hal_dma.o(i.DMA_SetConfig), (62 bytes).
    Removing stm32wbxx_hal_dma.o(i.HAL_DMA_Abort), (110 bytes).
    Removing stm32wbxx_hal_dma.o(i.HAL_DMA_Abort_IT), (112 bytes).
    Removing stm32wbxx_hal_dma.o(i.HAL_DMA_DeInit), (168 bytes).
    Removing stm32wbxx_hal_dma.o(i.HAL_DMA_GetError), (4 bytes).
    Removing stm32wbxx_hal_dma.o(i.HAL_DMA_GetState), (6 bytes).
    Removing stm32wbxx_hal_dma.o(i.HAL_DMA_IRQHandler), (186 bytes).
    Removing stm32wbxx_hal_dma.o(i.HAL_DMA_Init), (196 bytes).
    Removing stm32wbxx_hal_dma.o(i.HAL_DMA_PollForTransfer), (268 bytes).
    Removing stm32wbxx_hal_dma.o(i.HAL_DMA_RegisterCallback), (74 bytes).
    Removing stm32wbxx_hal_dma.o(i.HAL_DMA_Start), (80 bytes).
    Removing stm32wbxx_hal_dma.o(i.HAL_DMA_Start_IT), (140 bytes).
    Removing stm32wbxx_hal_dma.o(i.HAL_DMA_UnRegisterCallback), (82 bytes).
    Removing stm32wbxx_hal_dma_ex.o(.rev16_text), (4 bytes).
    Removing stm32wbxx_hal_dma_ex.o(.revsh_text), (4 bytes).
    Removing stm32wbxx_hal_dma_ex.o(.rrx_text), (6 bytes).
    Removing stm32wbxx_hal_dma_ex.o(i.HAL_DMAEx_ConfigMuxRequestGenerator), (68 bytes).
    Removing stm32wbxx_hal_dma_ex.o(i.HAL_DMAEx_ConfigMuxSync), (88 bytes).
    Removing stm32wbxx_hal_dma_ex.o(i.HAL_DMAEx_DisableMuxRequestGenerator), (26 bytes).
    Removing stm32wbxx_hal_dma_ex.o(i.HAL_DMAEx_EnableMuxRequestGenerator), (26 bytes).
    Removing stm32wbxx_hal_dma_ex.o(i.HAL_DMAEx_MUX_IRQHandler), (100 bytes).
    Removing stm32wbxx_hal_pwr.o(.rev16_text), (4 bytes).
    Removing stm32wbxx_hal_pwr.o(.revsh_text), (4 bytes).
    Removing stm32wbxx_hal_pwr.o(.rrx_text), (6 bytes).
    Removing stm32wbxx_hal_pwr.o(i.HAL_PWR_ConfigPVD), (116 bytes).
    Removing stm32wbxx_hal_pwr.o(i.HAL_PWR_DeInit), (120 bytes).
    Removing stm32wbxx_hal_pwr.o(i.HAL_PWR_DisableBkUpAccess), (16 bytes).
    Removing stm32wbxx_hal_pwr.o(i.HAL_PWR_DisablePVD), (16 bytes).
    Removing stm32wbxx_hal_pwr.o(i.HAL_PWR_DisableSEVOnPend), (16 bytes).
    Removing stm32wbxx_hal_pwr.o(i.HAL_PWR_DisableSleepOnExit), (16 bytes).
    Removing stm32wbxx_hal_pwr.o(i.HAL_PWR_DisableWakeUpPin), (20 bytes).
    Removing stm32wbxx_hal_pwr.o(i.HAL_PWR_EnablePVD), (16 bytes).
    Removing stm32wbxx_hal_pwr.o(i.HAL_PWR_EnableSEVOnPend), (16 bytes).
    Removing stm32wbxx_hal_pwr.o(i.HAL_PWR_EnableSleepOnExit), (16 bytes).
    Removing stm32wbxx_hal_pwr.o(i.HAL_PWR_EnableWakeUpPin), (32 bytes).
    Removing stm32wbxx_hal_pwr.o(i.HAL_PWR_EnterSLEEPMode), (72 bytes).
    Removing stm32wbxx_hal_pwr.o(i.HAL_PWR_EnterSTANDBYMode), (44 bytes).
    Removing stm32wbxx_hal_pwr.o(i.HAL_PWR_EnterSTOPMode), (16 bytes).
    Removing stm32wbxx_hal_pwr.o(i.HAL_PWR_PVDCallback), (2 bytes).
    Removing stm32wbxx_hal_pwr_ex.o(.rev16_text), (4 bytes).
    Removing stm32wbxx_hal_pwr_ex.o(.revsh_text), (4 bytes).
    Removing stm32wbxx_hal_pwr_ex.o(.rrx_text), (6 bytes).
    Removing stm32wbxx_hal_pwr_ex.o(i.HAL_PWREx_ClearWakeupFlag), (36 bytes).
    Removing stm32wbxx_hal_pwr_ex.o(i.HAL_PWREx_ConfigPVM), (228 bytes).
    Removing stm32wbxx_hal_pwr_ex.o(i.HAL_PWREx_ConfigSMPS), (80 bytes).
    Removing stm32wbxx_hal_pwr_ex.o(i.HAL_PWREx_ControlVoltageScaling), (104 bytes).
    Removing stm32wbxx_hal_pwr_ex.o(i.HAL_PWREx_Disable802ActivityIT), (16 bytes).
    Removing stm32wbxx_hal_pwr_ex.o(i.HAL_PWREx_DisableBLEActivityIT), (16 bytes).
    Removing stm32wbxx_hal_pwr_ex.o(i.HAL_PWREx_DisableBORH_SMPSBypassIT), (16 bytes).
    Removing stm32wbxx_hal_pwr_ex.o(i.HAL_PWREx_DisableBatteryCharging), (16 bytes).
    Removing stm32wbxx_hal_pwr_ex.o(i.HAL_PWREx_DisableFlashPowerDown), (16 bytes).
    Removing stm32wbxx_hal_pwr_ex.o(i.HAL_PWREx_DisableGPIOPullDown), (80 bytes).
    Removing stm32wbxx_hal_pwr_ex.o(i.HAL_PWREx_DisableGPIOPullUp), (80 bytes).
    Removing stm32wbxx_hal_pwr_ex.o(i.HAL_PWREx_DisableHOLDC2IT), (16 bytes).
    Removing stm32wbxx_hal_pwr_ex.o(i.HAL_PWREx_DisableInternalWakeUpLine), (16 bytes).
    Removing stm32wbxx_hal_pwr_ex.o(i.HAL_PWREx_DisableLowPowerRunMode), (68 bytes).
    Removing stm32wbxx_hal_pwr_ex.o(i.HAL_PWREx_DisablePVM1), (16 bytes).
    Removing stm32wbxx_hal_pwr_ex.o(i.HAL_PWREx_DisablePVM3), (16 bytes).
    Removing stm32wbxx_hal_pwr_ex.o(i.HAL_PWREx_DisablePullUpPullDownConfig), (16 bytes).
    Removing stm32wbxx_hal_pwr_ex.o(i.HAL_PWREx_DisableRFPhaseIT), (16 bytes).
    Removing stm32wbxx_hal_pwr_ex.o(i.HAL_PWREx_DisableSRAMRetention), (16 bytes).
    Removing stm32wbxx_hal_pwr_ex.o(i.HAL_PWREx_DisableVddUSB), (16 bytes).
    Removing stm32wbxx_hal_pwr_ex.o(i.HAL_PWREx_Enable802ActivityIT), (16 bytes).
    Removing stm32wbxx_hal_pwr_ex.o(i.HAL_PWREx_EnableBLEActivityIT), (16 bytes).
    Removing stm32wbxx_hal_pwr_ex.o(i.HAL_PWREx_EnableBORH_SMPSBypassIT), (16 bytes).
    Removing stm32wbxx_hal_pwr_ex.o(i.HAL_PWREx_EnableBatteryCharging), (28 bytes).
    Removing stm32wbxx_hal_pwr_ex.o(i.HAL_PWREx_EnableFlashPowerDown), (24 bytes).
    Removing stm32wbxx_hal_pwr_ex.o(i.HAL_PWREx_EnableGPIOPullDown), (124 bytes).
    Removing stm32wbxx_hal_pwr_ex.o(i.HAL_PWREx_EnableGPIOPullUp), (124 bytes).
    Removing stm32wbxx_hal_pwr_ex.o(i.HAL_PWREx_EnableHOLDC2IT), (16 bytes).
    Removing stm32wbxx_hal_pwr_ex.o(i.HAL_PWREx_EnableInternalWakeUpLine), (16 bytes).
    Removing stm32wbxx_hal_pwr_ex.o(i.HAL_PWREx_EnableLowPowerRunMode), (16 bytes).
    Removing stm32wbxx_hal_pwr_ex.o(i.HAL_PWREx_EnablePVM1), (16 bytes).
    Removing stm32wbxx_hal_pwr_ex.o(i.HAL_PWREx_EnablePVM3), (16 bytes).
    Removing stm32wbxx_hal_pwr_ex.o(i.HAL_PWREx_EnablePullUpPullDownConfig), (16 bytes).
    Removing stm32wbxx_hal_pwr_ex.o(i.HAL_PWREx_EnableRFPhaseIT), (16 bytes).
    Removing stm32wbxx_hal_pwr_ex.o(i.HAL_PWREx_EnableSRAMRetention), (16 bytes).
    Removing stm32wbxx_hal_pwr_ex.o(i.HAL_PWREx_EnableVddUSB), (16 bytes).
    Removing stm32wbxx_hal_pwr_ex.o(i.HAL_PWREx_EnableWakeUpPin), (44 bytes).
    Removing stm32wbxx_hal_pwr_ex.o(i.HAL_PWREx_EnterSHUTDOWNMode), (44 bytes).
    Removing stm32wbxx_hal_pwr_ex.o(i.HAL_PWREx_EnterSTOP0Mode), (52 bytes).
    Removing stm32wbxx_hal_pwr_ex.o(i.HAL_PWREx_EnterSTOP1Mode), (56 bytes).
    Removing stm32wbxx_hal_pwr_ex.o(i.HAL_PWREx_EnterSTOP2Mode), (56 bytes).
    Removing stm32wbxx_hal_pwr_ex.o(i.HAL_PWREx_GetBORConfig), (16 bytes).
    Removing stm32wbxx_hal_pwr_ex.o(i.HAL_PWREx_GetWakeupFlag), (20 bytes).
    Removing stm32wbxx_hal_pwr_ex.o(i.HAL_PWREx_HoldCore), (16 bytes).
    Removing stm32wbxx_hal_pwr_ex.o(i.HAL_PWREx_PVD_PVM_IRQHandler), (68 bytes).
    Removing stm32wbxx_hal_pwr_ex.o(i.HAL_PWREx_PVM1Callback), (2 bytes).
    Removing stm32wbxx_hal_pwr_ex.o(i.HAL_PWREx_PVM3Callback), (2 bytes).
    Removing stm32wbxx_hal_pwr_ex.o(i.HAL_PWREx_ReleaseCore), (16 bytes).
    Removing stm32wbxx_hal_pwr_ex.o(i.HAL_PWREx_SMPS_GetEffectiveMode), (16 bytes).
    Removing stm32wbxx_hal_pwr_ex.o(i.HAL_PWREx_SMPS_SetMode), (24 bytes).
    Removing stm32wbxx_hal_pwr_ex.o(i.HAL_PWREx_SetBORConfig), (20 bytes).
    Removing stm32wbxx_hal_cortex.o(.rev16_text), (4 bytes).
    Removing stm32wbxx_hal_cortex.o(.revsh_text), (4 bytes).
    Removing stm32wbxx_hal_cortex.o(.rrx_text), (6 bytes).
    Removing stm32wbxx_hal_cortex.o(i.HAL_MPU_ConfigRegion), (84 bytes).
    Removing stm32wbxx_hal_cortex.o(i.HAL_MPU_Disable), (28 bytes).
    Removing stm32wbxx_hal_cortex.o(i.HAL_MPU_Enable), (36 bytes).
    Removing stm32wbxx_hal_cortex.o(i.HAL_NVIC_ClearPendingIRQ), (26 bytes).
    Removing stm32wbxx_hal_cortex.o(i.HAL_NVIC_DisableIRQ), (34 bytes).
    Removing stm32wbxx_hal_cortex.o(i.HAL_NVIC_EnableIRQ), (26 bytes).
    Removing stm32wbxx_hal_cortex.o(i.HAL_NVIC_GetPendingIRQ), (36 bytes).
    Removing stm32wbxx_hal_cortex.o(i.HAL_NVIC_GetPriority), (82 bytes).
    Removing stm32wbxx_hal_cortex.o(i.HAL_NVIC_GetPriorityGrouping), (16 bytes).
    Removing stm32wbxx_hal_cortex.o(i.HAL_NVIC_SetPendingIRQ), (26 bytes).
    Removing stm32wbxx_hal_cortex.o(i.HAL_NVIC_SystemReset), (36 bytes).
    Removing stm32wbxx_hal_cortex.o(i.HAL_SYSTICK_CLKSourceConfig), (24 bytes).
    Removing stm32wbxx_hal_cortex.o(i.HAL_SYSTICK_Callback), (2 bytes).
    Removing stm32wbxx_hal_cortex.o(i.HAL_SYSTICK_IRQHandler), (8 bytes).
    Removing stm32wbxx_hal.o(.rev16_text), (4 bytes).
    Removing stm32wbxx_hal.o(.revsh_text), (4 bytes).
    Removing stm32wbxx_hal.o(.rrx_text), (6 bytes).
    Removing stm32wbxx_hal.o(i.HAL_DBGMCU_DisableDBGSleepMode), (16 bytes).
    Removing stm32wbxx_hal.o(i.HAL_DBGMCU_DisableDBGStandbyMode), (16 bytes).
    Removing stm32wbxx_hal.o(i.HAL_DBGMCU_DisableDBGStopMode), (16 bytes).
    Removing stm32wbxx_hal.o(i.HAL_DBGMCU_EnableDBGSleepMode), (16 bytes).
    Removing stm32wbxx_hal.o(i.HAL_DBGMCU_EnableDBGStandbyMode), (16 bytes).
    Removing stm32wbxx_hal.o(i.HAL_DBGMCU_EnableDBGStopMode), (16 bytes).
    Removing stm32wbxx_hal.o(i.HAL_DeInit), (76 bytes).
    Removing stm32wbxx_hal.o(i.HAL_GetDEVID), (16 bytes).
    Removing stm32wbxx_hal.o(i.HAL_GetHalVersion), (6 bytes).
    Removing stm32wbxx_hal.o(i.HAL_GetREVID), (12 bytes).
    Removing stm32wbxx_hal.o(i.HAL_GetTickFreq), (12 bytes).
    Removing stm32wbxx_hal.o(i.HAL_GetUIDw0), (12 bytes).
    Removing stm32wbxx_hal.o(i.HAL_GetUIDw1), (12 bytes).
    Removing stm32wbxx_hal.o(i.HAL_GetUIDw2), (12 bytes).
    Removing stm32wbxx_hal.o(i.HAL_MspDeInit), (2 bytes).
    Removing stm32wbxx_hal.o(i.HAL_MspInit), (2 bytes).
    Removing stm32wbxx_hal.o(i.HAL_ResumeTick), (14 bytes).
    Removing stm32wbxx_hal.o(i.HAL_SYSCFG_DisableIOBooster), (16 bytes).
    Removing stm32wbxx_hal.o(i.HAL_SYSCFG_DisableIOVdd), (16 bytes).
    Removing stm32wbxx_hal.o(i.HAL_SYSCFG_DisableSRAMFetch), (16 bytes).
    Removing stm32wbxx_hal.o(i.HAL_SYSCFG_DisableSecurityAccess), (20 bytes).
    Removing stm32wbxx_hal.o(i.HAL_SYSCFG_DisableVREFBUF), (16 bytes).
    Removing stm32wbxx_hal.o(i.HAL_SYSCFG_EnableIOBooster), (16 bytes).
    Removing stm32wbxx_hal.o(i.HAL_SYSCFG_EnableIOVdd), (16 bytes).
    Removing stm32wbxx_hal.o(i.HAL_SYSCFG_EnableSecurityAccess), (20 bytes).
    Removing stm32wbxx_hal.o(i.HAL_SYSCFG_EnableVREFBUF), (48 bytes).
    Removing stm32wbxx_hal.o(i.HAL_SYSCFG_IsEnabledSRAMFetch), (16 bytes).
    Removing stm32wbxx_hal.o(i.HAL_SYSCFG_IsEnabledSecurityAccess), (24 bytes).
    Removing stm32wbxx_hal.o(i.HAL_SYSCFG_SRAM2Erase), (24 bytes).
    Removing stm32wbxx_hal.o(i.HAL_SYSCFG_VREFBUF_HighImpedanceConfig), (20 bytes).
    Removing stm32wbxx_hal.o(i.HAL_SYSCFG_VREFBUF_TrimmingConfig), (12 bytes).
    Removing stm32wbxx_hal.o(i.HAL_SYSCFG_VREFBUF_VoltageScalingConfig), (40 bytes).
    Removing stm32wbxx_hal.o(i.HAL_SetTickFreq), (36 bytes).
    Removing stm32wbxx_hal.o(i.HAL_SuspendTick), (14 bytes).
    Removing stm32wbxx_hal_exti.o(.rev16_text), (4 bytes).
    Removing stm32wbxx_hal_exti.o(.revsh_text), (4 bytes).
    Removing stm32wbxx_hal_exti.o(.rrx_text), (6 bytes).
    Removing stm32wbxx_hal_exti.o(i.HAL_EXTI_ClearConfigLine), (128 bytes).
    Removing stm32wbxx_hal_exti.o(i.HAL_EXTI_ClearPending), (28 bytes).
    Removing stm32wbxx_hal_exti.o(i.HAL_EXTI_GenerateSWI), (28 bytes).
    Removing stm32wbxx_hal_exti.o(i.HAL_EXTI_GetConfigLine), (172 bytes).
    Removing stm32wbxx_hal_exti.o(i.HAL_EXTI_GetHandle), (12 bytes).
    Removing stm32wbxx_hal_exti.o(i.HAL_EXTI_GetPending), (32 bytes).
    Removing stm32wbxx_hal_exti.o(i.HAL_EXTI_IRQHandler), (44 bytes).
    Removing stm32wbxx_hal_exti.o(i.HAL_EXTI_RegisterCallback), (14 bytes).
    Removing stm32wbxx_hal_exti.o(i.HAL_EXTI_SetConfigLine), (176 bytes).
    Removing stm32wbxx_hal_qspi.o(.rev16_text), (4 bytes).
    Removing stm32wbxx_hal_qspi.o(.revsh_text), (4 bytes).
    Removing stm32wbxx_hal_qspi.o(.rrx_text), (6 bytes).
    Removing stm32wbxx_hal_qspi.o(i.HAL_QSPI_Abort), (134 bytes).
    Removing stm32wbxx_hal_qspi.o(i.HAL_QSPI_AbortCpltCallback), (2 bytes).
    Removing stm32wbxx_hal_qspi.o(i.HAL_QSPI_Abort_IT), (112 bytes).
    Removing stm32wbxx_hal_qspi.o(i.HAL_QSPI_AutoPolling), (172 bytes).
    Removing stm32wbxx_hal_qspi.o(i.HAL_QSPI_AutoPolling_IT), (160 bytes).
    Removing stm32wbxx_hal_qspi.o(i.HAL_QSPI_CmdCpltCallback), (2 bytes).
    Removing stm32wbxx_hal_qspi.o(i.HAL_QSPI_Command), (134 bytes).
    Removing stm32wbxx_hal_qspi.o(i.HAL_QSPI_Command_IT), (128 bytes).
    Removing stm32wbxx_hal_qspi.o(i.HAL_QSPI_DeInit), (58 bytes).
    Removing stm32wbxx_hal_qspi.o(i.HAL_QSPI_ErrorCallback), (2 bytes).
    Removing stm32wbxx_hal_qspi.o(i.HAL_QSPI_FifoThresholdCallback), (2 bytes).
    Removing stm32wbxx_hal_qspi.o(i.HAL_QSPI_GetError), (4 bytes).
    Removing stm32wbxx_hal_qspi.o(i.HAL_QSPI_GetFifoThreshold), (12 bytes).
    Removing stm32wbxx_hal_qspi.o(i.HAL_QSPI_GetState), (6 bytes).
    Removing stm32wbxx_hal_qspi.o(i.HAL_QSPI_IRQHandler), (484 bytes).
    Removing stm32wbxx_hal_qspi.o(i.HAL_QSPI_MemoryMapped), (140 bytes).
    Removing stm32wbxx_hal_qspi.o(i.HAL_QSPI_MspDeInit), (2 bytes).
    Removing stm32wbxx_hal_qspi.o(i.HAL_QSPI_MspInit), (2 bytes).
    Removing stm32wbxx_hal_qspi.o(i.HAL_QSPI_Receive), (190 bytes).
    Removing stm32wbxx_hal_qspi.o(i.HAL_QSPI_Receive_DMA), (276 bytes).
    Removing stm32wbxx_hal_qspi.o(i.HAL_QSPI_Receive_IT), (120 bytes).
    Removing stm32wbxx_hal_qspi.o(i.HAL_QSPI_RxCpltCallback), (2 bytes).
    Removing stm32wbxx_hal_qspi.o(i.HAL_QSPI_RxHalfCpltCallback), (2 bytes).
    Removing stm32wbxx_hal_qspi.o(i.HAL_QSPI_SetFifoThreshold), (66 bytes).
    Removing stm32wbxx_hal_qspi.o(i.HAL_QSPI_SetTimeout), (4 bytes).
    Removing stm32wbxx_hal_qspi.o(i.HAL_QSPI_StatusMatchCallback), (2 bytes).
    Removing stm32wbxx_hal_qspi.o(i.HAL_QSPI_TimeOutCallback), (2 bytes).
    Removing stm32wbxx_hal_qspi.o(i.HAL_QSPI_Transmit), (182 bytes).
    Removing stm32wbxx_hal_qspi.o(i.HAL_QSPI_Transmit_DMA), (256 bytes).
    Removing stm32wbxx_hal_qspi.o(i.HAL_QSPI_Transmit_IT), (110 bytes).
    Removing stm32wbxx_hal_qspi.o(i.HAL_QSPI_TxCpltCallback), (2 bytes).
    Removing stm32wbxx_hal_qspi.o(i.HAL_QSPI_TxHalfCpltCallback), (2 bytes).
    Removing stm32wbxx_hal_qspi.o(i.QSPI_Config), (312 bytes).
    Removing stm32wbxx_hal_qspi.o(i.QSPI_DMAAbortCplt), (58 bytes).
    Removing stm32wbxx_hal_qspi.o(i.QSPI_DMAError), (30 bytes).
    Removing stm32wbxx_hal_qspi.o(i.QSPI_DMARxCplt), (18 bytes).
    Removing stm32wbxx_hal_qspi.o(i.QSPI_DMARxHalfCplt), (10 bytes).
    Removing stm32wbxx_hal_qspi.o(i.QSPI_DMATxCplt), (18 bytes).
    Removing stm32wbxx_hal_qspi.o(i.QSPI_DMATxHalfCplt), (10 bytes).
    Removing stm32wbxx_hal_tim.o(.rev16_text), (4 bytes).
    Removing stm32wbxx_hal_tim.o(.revsh_text), (4 bytes).
    Removing stm32wbxx_hal_tim.o(.rrx_text), (6 bytes).
    Removing stm32wbxx_hal_tim_ex.o(.rev16_text), (4 bytes).
    Removing stm32wbxx_hal_tim_ex.o(.revsh_text), (4 bytes).
    Removing stm32wbxx_hal_tim_ex.o(.rrx_text), (6 bytes).
    Removing stm32wbxx_hal_pcd.o(.rev16_text), (4 bytes).
    Removing stm32wbxx_hal_pcd.o(.revsh_text), (4 bytes).
    Removing stm32wbxx_hal_pcd.o(.rrx_text), (6 bytes).
    Removing stm32wbxx_hal_pcd.o(i.HAL_PCD_ActivateRemoteWakeup), (6 bytes).
    Removing stm32wbxx_hal_pcd.o(i.HAL_PCD_ConnectCallback), (2 bytes).
    Removing stm32wbxx_hal_pcd.o(i.HAL_PCD_DataInStageCallback), (2 bytes).
    Removing stm32wbxx_hal_pcd.o(i.HAL_PCD_DataOutStageCallback), (2 bytes).
    Removing stm32wbxx_hal_pcd.o(i.HAL_PCD_DeActivateRemoteWakeup), (6 bytes).
    Removing stm32wbxx_hal_pcd.o(i.HAL_PCD_DeInit), (38 bytes).
    Removing stm32wbxx_hal_pcd.o(i.HAL_PCD_DevConnect), (36 bytes).
    Removing stm32wbxx_hal_pcd.o(i.HAL_PCD_DevDisconnect), (36 bytes).
    Removing stm32wbxx_hal_pcd.o(i.HAL_PCD_DisconnectCallback), (2 bytes).
    Removing stm32wbxx_hal_pcd.o(i.HAL_PCD_EP_Close), (76 bytes).
    Removing stm32wbxx_hal_pcd.o(i.HAL_PCD_EP_ClrStall), (92 bytes).
    Removing stm32wbxx_hal_pcd.o(i.HAL_PCD_EP_DB_Receive), (220 bytes).
    Removing stm32wbxx_hal_pcd.o(i.HAL_PCD_EP_DB_Transmit), (816 bytes).
    Removing stm32wbxx_hal_pcd.o(i.HAL_PCD_EP_Flush), (4 bytes).
    Removing stm32wbxx_hal_pcd.o(i.HAL_PCD_EP_GetRxCount), (18 bytes).
    Removing stm32wbxx_hal_pcd.o(i.HAL_PCD_EP_Open), (96 bytes).
    Removing stm32wbxx_hal_pcd.o(i.HAL_PCD_EP_Receive), (50 bytes).
    Removing stm32wbxx_hal_pcd.o(i.HAL_PCD_EP_SetStall), (96 bytes).
    Removing stm32wbxx_hal_pcd.o(i.HAL_PCD_EP_Transmit), (52 bytes).
    Removing stm32wbxx_hal_pcd.o(i.HAL_PCD_GetState), (6 bytes).
    Removing stm32wbxx_hal_pcd.o(i.HAL_PCD_IRQHandler), (368 bytes).
    Removing stm32wbxx_hal_pcd.o(i.HAL_PCD_ISOINIncompleteCallback), (2 bytes).
    Removing stm32wbxx_hal_pcd.o(i.HAL_PCD_ISOOUTIncompleteCallback), (2 bytes).
    Removing stm32wbxx_hal_pcd.o(i.HAL_PCD_MspDeInit), (2 bytes).
    Removing stm32wbxx_hal_pcd.o(i.HAL_PCD_MspInit), (2 bytes).
    Removing stm32wbxx_hal_pcd.o(i.HAL_PCD_ResetCallback), (2 bytes).
    Removing stm32wbxx_hal_pcd.o(i.HAL_PCD_ResumeCallback), (2 bytes).
    Removing stm32wbxx_hal_pcd.o(i.HAL_PCD_SOFCallback), (2 bytes).
    Removing stm32wbxx_hal_pcd.o(i.HAL_PCD_SetAddress), (40 bytes).
    Removing stm32wbxx_hal_pcd.o(i.HAL_PCD_SetupStageCallback), (2 bytes).
    Removing stm32wbxx_hal_pcd.o(i.HAL_PCD_Start), (42 bytes).
    Removing stm32wbxx_hal_pcd.o(i.HAL_PCD_Stop), (42 bytes).
    Removing stm32wbxx_hal_pcd.o(i.HAL_PCD_SuspendCallback), (2 bytes).
    Removing stm32wbxx_hal_pcd.o(i.PCD_EP_ISR_Handler), (734 bytes).
    Removing stm32wbxx_hal_pcd_ex.o(.rev16_text), (4 bytes).
    Removing stm32wbxx_hal_pcd_ex.o(.revsh_text), (4 bytes).
    Removing stm32wbxx_hal_pcd_ex.o(.rrx_text), (6 bytes).
    Removing stm32wbxx_hal_pcd_ex.o(i.HAL_PCDEx_ActivateBCD), (46 bytes).
    Removing stm32wbxx_hal_pcd_ex.o(i.HAL_PCDEx_BCD_Callback), (2 bytes).
    Removing stm32wbxx_hal_pcd_ex.o(i.HAL_PCDEx_BCD_VBUSDetect), (172 bytes).
    Removing stm32wbxx_hal_pcd_ex.o(i.HAL_PCDEx_DeActivateBCD), (22 bytes).
    Removing stm32wbxx_hal_pcd_ex.o(i.HAL_PCDEx_DeActivateLPM), (30 bytes).
    Removing stm32wbxx_hal_pcd_ex.o(i.HAL_PCDEx_LPM_Callback), (2 bytes).
    Removing stm32wbxx_hal_pcd_ex.o(i.HAL_PCDEx_PMAConfig), (60 bytes).
    Removing stm32wbxx_ll_usb.o(.rev16_text), (4 bytes).
    Removing stm32wbxx_ll_usb.o(.revsh_text), (4 bytes).
    Removing stm32wbxx_ll_usb.o(.rrx_text), (6 bytes).
    Removing stm32wbxx_ll_usb.o(i.USB_ActivateEndpoint), (600 bytes).
    Removing stm32wbxx_ll_usb.o(i.USB_ActivateRemoteWakeup), (14 bytes).
    Removing stm32wbxx_ll_usb.o(i.USB_CoreInit), (4 bytes).
    Removing stm32wbxx_ll_usb.o(i.USB_DeActivateRemoteWakeup), (14 bytes).
    Removing stm32wbxx_ll_usb.o(i.USB_DeactivateEndpoint), (270 bytes).
    Removing stm32wbxx_ll_usb.o(i.USB_DevConnect), (14 bytes).
    Removing stm32wbxx_ll_usb.o(i.USB_DevDisconnect), (14 bytes).
    Removing stm32wbxx_ll_usb.o(i.USB_EPClearStall), (120 bytes).
    Removing stm32wbxx_ll_usb.o(i.USB_EPSetStall), (50 bytes).
    Removing stm32wbxx_ll_usb.o(i.USB_EPStartXfer), (1548 bytes).
    Removing stm32wbxx_ll_usb.o(i.USB_EnableGlobalInt), (18 bytes).
    Removing stm32wbxx_ll_usb.o(i.USB_ReadInterrupts), (6 bytes).
    Removing stm32wbxx_ll_usb.o(i.USB_ReadPMA), (40 bytes).
    Removing stm32wbxx_ll_usb.o(i.USB_SetCurrentMode), (4 bytes).
    Removing stm32wbxx_ll_usb.o(i.USB_SetDevAddress), (12 bytes).
    Removing stm32wbxx_ll_usb.o(i.USB_StopDevice), (18 bytes).
    Removing stm32wbxx_ll_usb.o(i.USB_WritePMA), (38 bytes).
    Removing system_stm32wbxx.o(.rev16_text), (4 bytes).
    Removing system_stm32wbxx.o(.revsh_text), (4 bytes).
    Removing system_stm32wbxx.o(.rrx_text), (6 bytes).
    Removing system_stm32wbxx.o(i.SystemCoreClockUpdate), (156 bytes).
    Removing system_stm32wbxx.o(.constdata), (96 bytes).
    Removing dadd.o(.text), (334 bytes).
    Removing dmul.o(.text), (228 bytes).
    Removing ddiv.o(.text), (222 bytes).
    Removing dfixul.o(.text), (48 bytes).
    Removing cdrcmple.o(.text), (48 bytes).
    Removing depilogue.o(.text), (186 bytes).

507 unused section(s) (total 30386 bytes) removed from the image.

==============================================================================

Image Symbol Table

    Local Symbols

    Symbol Name                              Value     Ov Type        Size  Object(Section)

    ../Core/Src/gpio.c                       0x00000000   Number         0  gpio.o ABSOLUTE
    ../Core/Src/main.c                       0x00000000   Number         0  main.o ABSOLUTE
    ../Core/Src/quadspi.c                    0x00000000   Number         0  quadspi.o ABSOLUTE
    ../Core/Src/stm32wbxx_hal_msp.c          0x00000000   Number         0  stm32wbxx_hal_msp.o ABSOLUTE
    ../Core/Src/stm32wbxx_it.c               0x00000000   Number         0  stm32wbxx_it.o ABSOLUTE
    ../Core/Src/system_stm32wbxx.c           0x00000000   Number         0  system_stm32wbxx.o ABSOLUTE
    ../Core/Src/usart.c                      0x00000000   Number         0  usart.o ABSOLUTE
    ../Core/Src/usb.c                        0x00000000   Number         0  usb.o ABSOLUTE
    ../Drivers/STM32WBxx_HAL_Driver/Src/stm32wbxx_hal.c 0x00000000   Number         0  stm32wbxx_hal.o ABSOLUTE
    ../Drivers/STM32WBxx_HAL_Driver/Src/stm32wbxx_hal_cortex.c 0x00000000   Number         0  stm32wbxx_hal_cortex.o ABSOLUTE
    ../Drivers/STM32WBxx_HAL_Driver/Src/stm32wbxx_hal_dma.c 0x00000000   Number         0  stm32wbxx_hal_dma.o ABSOLUTE
    ../Drivers/STM32WBxx_HAL_Driver/Src/stm32wbxx_hal_dma_ex.c 0x00000000   Number         0  stm32wbxx_hal_dma_ex.o ABSOLUTE
    ../Drivers/STM32WBxx_HAL_Driver/Src/stm32wbxx_hal_exti.c 0x00000000   Number         0  stm32wbxx_hal_exti.o ABSOLUTE
    ../Drivers/STM32WBxx_HAL_Driver/Src/stm32wbxx_hal_flash.c 0x00000000   Number         0  stm32wbxx_hal_flash.o ABSOLUTE
    ../Drivers/STM32WBxx_HAL_Driver/Src/stm32wbxx_hal_flash_ex.c 0x00000000   Number         0  stm32wbxx_hal_flash_ex.o ABSOLUTE
    ../Drivers/STM32WBxx_HAL_Driver/Src/stm32wbxx_hal_gpio.c 0x00000000   Number         0  stm32wbxx_hal_gpio.o ABSOLUTE
    ../Drivers/STM32WBxx_HAL_Driver/Src/stm32wbxx_hal_hsem.c 0x00000000   Number         0  stm32wbxx_hal_hsem.o ABSOLUTE
    ../Drivers/STM32WBxx_HAL_Driver/Src/stm32wbxx_hal_pcd.c 0x00000000   Number         0  stm32wbxx_hal_pcd.o ABSOLUTE
    ../Drivers/STM32WBxx_HAL_Driver/Src/stm32wbxx_hal_pcd_ex.c 0x00000000   Number         0  stm32wbxx_hal_pcd_ex.o ABSOLUTE
    ../Drivers/STM32WBxx_HAL_Driver/Src/stm32wbxx_hal_pwr.c 0x00000000   Number         0  stm32wbxx_hal_pwr.o ABSOLUTE
    ../Drivers/STM32WBxx_HAL_Driver/Src/stm32wbxx_hal_pwr_ex.c 0x00000000   Number         0  stm32wbxx_hal_pwr_ex.o ABSOLUTE
    ../Drivers/STM32WBxx_HAL_Driver/Src/stm32wbxx_hal_qspi.c 0x00000000   Number         0  stm32wbxx_hal_qspi.o ABSOLUTE
    ../Drivers/STM32WBxx_HAL_Driver/Src/stm32wbxx_hal_rcc.c 0x00000000   Number         0  stm32wbxx_hal_rcc.o ABSOLUTE
    ../Drivers/STM32WBxx_HAL_Driver/Src/stm32wbxx_hal_rcc_ex.c 0x00000000   Number         0  stm32wbxx_hal_rcc_ex.o ABSOLUTE
    ../Drivers/STM32WBxx_HAL_Driver/Src/stm32wbxx_hal_tim.c 0x00000000   Number         0  stm32wbxx_hal_tim.o ABSOLUTE
    ../Drivers/STM32WBxx_HAL_Driver/Src/stm32wbxx_hal_tim_ex.c 0x00000000   Number         0  stm32wbxx_hal_tim_ex.o ABSOLUTE
    ../Drivers/STM32WBxx_HAL_Driver/Src/stm32wbxx_hal_uart.c 0x00000000   Number         0  stm32wbxx_hal_uart.o ABSOLUTE
    ../Drivers/STM32WBxx_HAL_Driver/Src/stm32wbxx_hal_uart_ex.c 0x00000000   Number         0  stm32wbxx_hal_uart_ex.o ABSOLUTE
    ../Drivers/STM32WBxx_HAL_Driver/Src/stm32wbxx_ll_usb.c 0x00000000   Number         0  stm32wbxx_ll_usb.o ABSOLUTE
    ../clib/microlib/division.c              0x00000000   Number         0  uidiv.o ABSOLUTE
    ../clib/microlib/division.c              0x00000000   Number         0  uldiv.o ABSOLUTE
    ../clib/microlib/init/entry.s            0x00000000   Number         0  entry10a.o ABSOLUTE
    ../clib/microlib/init/entry.s            0x00000000   Number         0  entry9b.o ABSOLUTE
    ../clib/microlib/init/entry.s            0x00000000   Number         0  entry9a.o ABSOLUTE
    ../clib/microlib/init/entry.s            0x00000000   Number         0  entry8a.o ABSOLUTE
    ../clib/microlib/init/entry.s            0x00000000   Number         0  entry7b.o ABSOLUTE
    ../clib/microlib/init/entry.s            0x00000000   Number         0  entry7a.o ABSOLUTE
    ../clib/microlib/init/entry.s            0x00000000   Number         0  entry5.o ABSOLUTE
    ../clib/microlib/init/entry.s            0x00000000   Number         0  entry11b.o ABSOLUTE
    ../clib/microlib/init/entry.s            0x00000000   Number         0  entry2.o ABSOLUTE
    ../clib/microlib/init/entry.s            0x00000000   Number         0  entry10b.o ABSOLUTE
    ../clib/microlib/init/entry.s            0x00000000   Number         0  entry11a.o ABSOLUTE
    ../clib/microlib/init/entry.s            0x00000000   Number         0  entry8b.o ABSOLUTE
    ../clib/microlib/init/entry.s            0x00000000   Number         0  entry.o ABSOLUTE
    ../clib/microlib/longlong.c              0x00000000   Number         0  llushr.o ABSOLUTE
    ../clib/microlib/longlong.c              0x00000000   Number         0  llshl.o ABSOLUTE
    ../clib/microlib/longlong.c              0x00000000   Number         0  llsshr.o ABSOLUTE
    ../clib/microlib/printf/printf.c         0x00000000   Number         0  printf8.o ABSOLUTE
    ../clib/microlib/printf/printf.c         0x00000000   Number         0  printf7.o ABSOLUTE
    ../clib/microlib/printf/printf.c         0x00000000   Number         0  printf6.o ABSOLUTE
    ../clib/microlib/printf/printf.c         0x00000000   Number         0  printf3.o ABSOLUTE
    ../clib/microlib/printf/printf.c         0x00000000   Number         0  printfa.o ABSOLUTE
    ../clib/microlib/printf/printf.c         0x00000000   Number         0  printf5.o ABSOLUTE
    ../clib/microlib/printf/printf.c         0x00000000   Number         0  printf4.o ABSOLUTE
    ../clib/microlib/printf/printf.c         0x00000000   Number         0  printf2.o ABSOLUTE
    ../clib/microlib/printf/printf.c         0x00000000   Number         0  printf1.o ABSOLUTE
    ../clib/microlib/printf/printf.c         0x00000000   Number         0  printf0.o ABSOLUTE
    ../clib/microlib/printf/printf.c         0x00000000   Number         0  printfb.o ABSOLUTE
    ../clib/microlib/stdio/streams.c         0x00000000   Number         0  stdout.o ABSOLUTE
    ../clib/microlib/string/memcpy.c         0x00000000   Number         0  memcpya.o ABSOLUTE
    ../clib/microlib/string/memcpy.c         0x00000000   Number         0  memcpyb.o ABSOLUTE
    ../clib/microlib/string/memset.c         0x00000000   Number         0  memseta.o ABSOLUTE
    ../clib/microlib/stubs.s                 0x00000000   Number         0  iusefp.o ABSOLUTE
    ../fplib/microlib/fpadd.c                0x00000000   Number         0  dadd.o ABSOLUTE
    ../fplib/microlib/fpdiv.c                0x00000000   Number         0  ddiv.o ABSOLUTE
    ../fplib/microlib/fpepilogue.c           0x00000000   Number         0  depilogue.o ABSOLUTE
    ../fplib/microlib/fpfix.c                0x00000000   Number         0  dfixul.o ABSOLUTE
    ../fplib/microlib/fpmul.c                0x00000000   Number         0  dmul.o ABSOLUTE
    ..\Core\Src\gpio.c                       0x00000000   Number         0  gpio.o ABSOLUTE
    ..\Core\Src\main.c                       0x00000000   Number         0  main.o ABSOLUTE
    ..\Core\Src\quadspi.c                    0x00000000   Number         0  quadspi.o ABSOLUTE
    ..\Core\Src\stm32wbxx_hal_msp.c          0x00000000   Number         0  stm32wbxx_hal_msp.o ABSOLUTE
    ..\Core\Src\stm32wbxx_it.c               0x00000000   Number         0  stm32wbxx_it.o ABSOLUTE
    ..\Core\Src\system_stm32wbxx.c           0x00000000   Number         0  system_stm32wbxx.o ABSOLUTE
    ..\Core\Src\usart.c                      0x00000000   Number         0  usart.o ABSOLUTE
    ..\Core\Src\usb.c                        0x00000000   Number         0  usb.o ABSOLUTE
    ..\Drivers\STM32WBxx_HAL_Driver\Src\stm32wbxx_hal.c 0x00000000   Number         0  stm32wbxx_hal.o ABSOLUTE
    ..\Drivers\STM32WBxx_HAL_Driver\Src\stm32wbxx_hal_cortex.c 0x00000000   Number         0  stm32wbxx_hal_cortex.o ABSOLUTE
    ..\Drivers\STM32WBxx_HAL_Driver\Src\stm32wbxx_hal_dma.c 0x00000000   Number         0  stm32wbxx_hal_dma.o ABSOLUTE
    ..\Drivers\STM32WBxx_HAL_Driver\Src\stm32wbxx_hal_dma_ex.c 0x00000000   Number         0  stm32wbxx_hal_dma_ex.o ABSOLUTE
    ..\Drivers\STM32WBxx_HAL_Driver\Src\stm32wbxx_hal_exti.c 0x00000000   Number         0  stm32wbxx_hal_exti.o ABSOLUTE
    ..\Drivers\STM32WBxx_HAL_Driver\Src\stm32wbxx_hal_flash.c 0x00000000   Number         0  stm32wbxx_hal_flash.o ABSOLUTE
    ..\Drivers\STM32WBxx_HAL_Driver\Src\stm32wbxx_hal_flash_ex.c 0x00000000   Number         0  stm32wbxx_hal_flash_ex.o ABSOLUTE
    ..\Drivers\STM32WBxx_HAL_Driver\Src\stm32wbxx_hal_gpio.c 0x00000000   Number         0  stm32wbxx_hal_gpio.o ABSOLUTE
    ..\Drivers\STM32WBxx_HAL_Driver\Src\stm32wbxx_hal_hsem.c 0x00000000   Number         0  stm32wbxx_hal_hsem.o ABSOLUTE
    ..\Drivers\STM32WBxx_HAL_Driver\Src\stm32wbxx_hal_pcd.c 0x00000000   Number         0  stm32wbxx_hal_pcd.o ABSOLUTE
    ..\Drivers\STM32WBxx_HAL_Driver\Src\stm32wbxx_hal_pcd_ex.c 0x00000000   Number         0  stm32wbxx_hal_pcd_ex.o ABSOLUTE
    ..\Drivers\STM32WBxx_HAL_Driver\Src\stm32wbxx_hal_pwr.c 0x00000000   Number         0  stm32wbxx_hal_pwr.o ABSOLUTE
    ..\Drivers\STM32WBxx_HAL_Driver\Src\stm32wbxx_hal_pwr_ex.c 0x00000000   Number         0  stm32wbxx_hal_pwr_ex.o ABSOLUTE
    ..\Drivers\STM32WBxx_HAL_Driver\Src\stm32wbxx_hal_qspi.c 0x00000000   Number         0  stm32wbxx_hal_qspi.o ABSOLUTE
    ..\Drivers\STM32WBxx_HAL_Driver\Src\stm32wbxx_hal_rcc.c 0x00000000   Number         0  stm32wbxx_hal_rcc.o ABSOLUTE
    ..\Drivers\STM32WBxx_HAL_Driver\Src\stm32wbxx_hal_rcc_ex.c 0x00000000   Number         0  stm32wbxx_hal_rcc_ex.o ABSOLUTE
    ..\Drivers\STM32WBxx_HAL_Driver\Src\stm32wbxx_hal_tim.c 0x00000000   Number         0  stm32wbxx_hal_tim.o ABSOLUTE
    ..\Drivers\STM32WBxx_HAL_Driver\Src\stm32wbxx_hal_tim_ex.c 0x00000000   Number         0  stm32wbxx_hal_tim_ex.o ABSOLUTE
    ..\Drivers\STM32WBxx_HAL_Driver\Src\stm32wbxx_hal_uart.c 0x00000000   Number         0  stm32wbxx_hal_uart.o ABSOLUTE
    ..\Drivers\STM32WBxx_HAL_Driver\Src\stm32wbxx_hal_uart_ex.c 0x00000000   Number         0  stm32wbxx_hal_uart_ex.o ABSOLUTE
    ..\Drivers\STM32WBxx_HAL_Driver\Src\stm32wbxx_ll_usb.c 0x00000000   Number         0  stm32wbxx_ll_usb.o ABSOLUTE
    cdrcmple.s                               0x00000000   Number         0  cdrcmple.o ABSOLUTE
    dc.s                                     0x00000000   Number         0  dc.o ABSOLUTE
    handlers.s                               0x00000000   Number         0  handlers.o ABSOLUTE
    init.s                                   0x00000000   Number         0  init.o ABSOLUTE
    startup_stm32wb55xx_cm4.s                0x00000000   Number         0  startup_stm32wb55xx_cm4.o ABSOLUTE
    RESET                                    0x08000000   Section      316  startup_stm32wb55xx_cm4.o(RESET)
    .ARM.Collect$$$$00000000                 0x0800013c   Section        0  entry.o(.ARM.Collect$$$$00000000)
    .ARM.Collect$$$$00000001                 0x0800013c   Section        4  entry2.o(.ARM.Collect$$$$00000001)
    .ARM.Collect$$$$00000004                 0x08000140   Section        4  entry5.o(.ARM.Collect$$$$00000004)
    .ARM.Collect$$$$00000008                 0x08000144   Section        0  entry7b.o(.ARM.Collect$$$$00000008)
    .ARM.Collect$$$$0000000A                 0x08000144   Section        0  entry8b.o(.ARM.Collect$$$$0000000A)
    .ARM.Collect$$$$0000000B                 0x08000144   Section        8  entry9a.o(.ARM.Collect$$$$0000000B)
    .ARM.Collect$$$$0000000D                 0x0800014c   Section        0  entry10a.o(.ARM.Collect$$$$0000000D)
    .ARM.Collect$$$$0000000F                 0x0800014c   Section        0  entry11a.o(.ARM.Collect$$$$0000000F)
    .ARM.Collect$$$$00002712                 0x0800014c   Section        4  entry2.o(.ARM.Collect$$$$00002712)
    __lit__00000000                          0x0800014c   Data           4  entry2.o(.ARM.Collect$$$$00002712)
    .text                                    0x08000150   Section       36  startup_stm32wb55xx_cm4.o(.text)
    $v0                                      0x08000150   Number         0  startup_stm32wb55xx_cm4.o(.text)
    .text                                    0x08000174   Section        0  uldiv.o(.text)
    .text                                    0x080001d6   Section        0  memcpya.o(.text)
    .text                                    0x080001fa   Section        0  memseta.o(.text)
    .text                                    0x0800021e   Section        0  llshl.o(.text)
    .text                                    0x0800023c   Section        0  llushr.o(.text)
    .text                                    0x0800025c   Section       36  init.o(.text)
    i.BusFault_Handler                       0x08000280   Section        0  stm32wbxx_it.o(i.BusFault_Handler)
    i.DebugMon_Handler                       0x08000282   Section        0  stm32wbxx_it.o(i.DebugMon_Handler)
    i.Error_Handler                          0x08000284   Section        0  main.o(i.Error_Handler)
    i.HAL_Delay                              0x08000288   Section        0  stm32wbxx_hal.o(i.HAL_Delay)
    i.HAL_GPIO_Init                          0x080002ac   Section        0  stm32wbxx_hal_gpio.o(i.HAL_GPIO_Init)
    i.HAL_GPIO_WritePin                      0x08000450   Section        0  stm32wbxx_hal_gpio.o(i.HAL_GPIO_WritePin)
    i.HAL_GetTick                            0x0800045c   Section        0  stm32wbxx_hal.o(i.HAL_GetTick)
    i.HAL_GetTickPrio                        0x08000468   Section        0  stm32wbxx_hal.o(i.HAL_GetTickPrio)
    i.HAL_IncTick                            0x08000474   Section        0  stm32wbxx_hal.o(i.HAL_IncTick)
    i.HAL_Init                               0x08000484   Section        0  stm32wbxx_hal.o(i.HAL_Init)
    i.HAL_InitTick                           0x080004b0   Section        0  stm32wbxx_hal.o(i.HAL_InitTick)
    i.HAL_MspInit                            0x080004f0   Section        0  stm32wbxx_hal_msp.o(i.HAL_MspInit)
    i.HAL_NVIC_SetPriority                   0x080004f4   Section        0  stm32wbxx_hal_cortex.o(i.HAL_NVIC_SetPriority)
    i.HAL_NVIC_SetPriorityGrouping           0x08000534   Section        0  stm32wbxx_hal_cortex.o(i.HAL_NVIC_SetPriorityGrouping)
    i.HAL_PCDEx_ActivateLPM                  0x08000558   Section        0  stm32wbxx_hal_pcd_ex.o(i.HAL_PCDEx_ActivateLPM)
    i.HAL_PCD_Init                           0x0800057c   Section        0  stm32wbxx_hal_pcd.o(i.HAL_PCD_Init)
    i.HAL_PCD_MspInit                        0x08000630   Section        0  usb.o(i.HAL_PCD_MspInit)
    i.HAL_PWREx_GetVoltageRange              0x08000690   Section        0  stm32wbxx_hal_pwr_ex.o(i.HAL_PWREx_GetVoltageRange)
    i.HAL_PWR_EnableBkUpAccess               0x080006a0   Section        0  stm32wbxx_hal_pwr.o(i.HAL_PWR_EnableBkUpAccess)
    i.HAL_QSPI_Init                          0x080006b0   Section        0  stm32wbxx_hal_qspi.o(i.HAL_QSPI_Init)
    i.HAL_QSPI_MspInit                       0x08000760   Section        0  quadspi.o(i.HAL_QSPI_MspInit)
    i.HAL_RCCEx_PeriphCLKConfig              0x080007d4   Section        0  stm32wbxx_hal_rcc_ex.o(i.HAL_RCCEx_PeriphCLKConfig)
    i.HAL_RCC_ClockConfig                    0x080009e8   Section        0  stm32wbxx_hal_rcc.o(i.HAL_RCC_ClockConfig)
    i.HAL_RCC_GetHCLKFreq                    0x08000be0   Section        0  stm32wbxx_hal_rcc.o(i.HAL_RCC_GetHCLKFreq)
    i.HAL_RCC_GetPCLK1Freq                   0x08000c04   Section        0  stm32wbxx_hal_rcc.o(i.HAL_RCC_GetPCLK1Freq)
    i.HAL_RCC_GetPCLK2Freq                   0x08000c28   Section        0  stm32wbxx_hal_rcc.o(i.HAL_RCC_GetPCLK2Freq)
    i.HAL_RCC_GetSysClockFreq                0x08000c4c   Section        0  stm32wbxx_hal_rcc.o(i.HAL_RCC_GetSysClockFreq)
    i.HAL_RCC_OscConfig                      0x08000ce0   Section        0  stm32wbxx_hal_rcc.o(i.HAL_RCC_OscConfig)
    i.HAL_SYSTICK_Config                     0x08001264   Section        0  stm32wbxx_hal_cortex.o(i.HAL_SYSTICK_Config)
    i.HAL_UARTEx_DisableFifoMode             0x0800128c   Section        0  stm32wbxx_hal_uart_ex.o(i.HAL_UARTEx_DisableFifoMode)
    i.HAL_UARTEx_SetRxFifoThreshold          0x080012ca   Section        0  stm32wbxx_hal_uart_ex.o(i.HAL_UARTEx_SetRxFifoThreshold)
    i.HAL_UARTEx_SetTxFifoThreshold          0x08001316   Section        0  stm32wbxx_hal_uart_ex.o(i.HAL_UARTEx_SetTxFifoThreshold)
    i.HAL_UART_Init                          0x08001362   Section        0  stm32wbxx_hal_uart.o(i.HAL_UART_Init)
    i.HAL_UART_MspInit                       0x080013cc   Section        0  usart.o(i.HAL_UART_MspInit)
    i.HAL_UART_Transmit                      0x0800142c   Section        0  stm32wbxx_hal_uart.o(i.HAL_UART_Transmit)
    i.HardFault_Handler                      0x080014e8   Section        0  stm32wbxx_it.o(i.HardFault_Handler)
    i.LL_AHB2_GRP1_EnableClock               0x080014ea   Section        0  gpio.o(i.LL_AHB2_GRP1_EnableClock)
    LL_AHB2_GRP1_EnableClock                 0x080014eb   Thumb Code    20  gpio.o(i.LL_AHB2_GRP1_EnableClock)
    i.LL_AHB2_GRP1_EnableClock               0x080014fe   Section        0  quadspi.o(i.LL_AHB2_GRP1_EnableClock)
    LL_AHB2_GRP1_EnableClock                 0x080014ff   Thumb Code    20  quadspi.o(i.LL_AHB2_GRP1_EnableClock)
    i.LL_RCC_GetSysClkSource                 0x08001512   Section        0  stm32wbxx_hal_rcc.o(i.LL_RCC_GetSysClkSource)
    LL_RCC_GetSysClkSource                   0x08001513   Thumb Code    12  stm32wbxx_hal_rcc.o(i.LL_RCC_GetSysClkSource)
    i.LL_RCC_HSE_IsReady                     0x0800151e   Section        0  stm32wbxx_hal_rcc.o(i.LL_RCC_HSE_IsReady)
    LL_RCC_HSE_IsReady                       0x0800151f   Thumb Code    12  stm32wbxx_hal_rcc.o(i.LL_RCC_HSE_IsReady)
    i.LL_RCC_HSI_IsReady                     0x0800152a   Section        0  stm32wbxx_hal_rcc.o(i.LL_RCC_HSI_IsReady)
    LL_RCC_HSI_IsReady                       0x0800152b   Thumb Code    12  stm32wbxx_hal_rcc.o(i.LL_RCC_HSI_IsReady)
    i.LL_RCC_HSI_SetCalibTrimming            0x08001536   Section        0  stm32wbxx_hal_rcc.o(i.LL_RCC_HSI_SetCalibTrimming)
    LL_RCC_HSI_SetCalibTrimming              0x08001537   Thumb Code    18  stm32wbxx_hal_rcc.o(i.LL_RCC_HSI_SetCalibTrimming)
    i.LL_RCC_LSE_IsReady                     0x08001548   Section        0  stm32wbxx_hal_rcc_ex.o(i.LL_RCC_LSE_IsReady)
    LL_RCC_LSE_IsReady                       0x08001549   Thumb Code    14  stm32wbxx_hal_rcc_ex.o(i.LL_RCC_LSE_IsReady)
    i.LL_RCC_LSI1_IsReady                    0x08001556   Section        0  stm32wbxx_hal_rcc.o(i.LL_RCC_LSI1_IsReady)
    LL_RCC_LSI1_IsReady                      0x08001557   Thumb Code    14  stm32wbxx_hal_rcc.o(i.LL_RCC_LSI1_IsReady)
    i.LL_RCC_MSI_GetRange                    0x08001564   Section        0  stm32wbxx_hal_rcc.o(i.LL_RCC_MSI_GetRange)
    LL_RCC_MSI_GetRange                      0x08001565   Thumb Code    18  stm32wbxx_hal_rcc.o(i.LL_RCC_MSI_GetRange)
    i.LL_RCC_MSI_IsReady                     0x08001576   Section        0  stm32wbxx_hal_rcc.o(i.LL_RCC_MSI_IsReady)
    LL_RCC_MSI_IsReady                       0x08001577   Thumb Code    12  stm32wbxx_hal_rcc.o(i.LL_RCC_MSI_IsReady)
    i.LL_RCC_MSI_SetCalibTrimming            0x08001582   Section        0  stm32wbxx_hal_rcc.o(i.LL_RCC_MSI_SetCalibTrimming)
    LL_RCC_MSI_SetCalibTrimming              0x08001583   Thumb Code    18  stm32wbxx_hal_rcc.o(i.LL_RCC_MSI_SetCalibTrimming)
    i.LL_RCC_MSI_SetRange                    0x08001594   Section        0  stm32wbxx_hal_rcc.o(i.LL_RCC_MSI_SetRange)
    LL_RCC_MSI_SetRange                      0x08001595   Thumb Code    16  stm32wbxx_hal_rcc.o(i.LL_RCC_MSI_SetRange)
    i.LL_RCC_PLLSAI1_Disable                 0x080015a4   Section        0  stm32wbxx_hal_rcc_ex.o(i.LL_RCC_PLLSAI1_Disable)
    LL_RCC_PLLSAI1_Disable                   0x080015a5   Thumb Code    14  stm32wbxx_hal_rcc_ex.o(i.LL_RCC_PLLSAI1_Disable)
    i.LL_RCC_PLLSAI1_Enable                  0x080015b2   Section        0  stm32wbxx_hal_rcc_ex.o(i.LL_RCC_PLLSAI1_Enable)
    LL_RCC_PLLSAI1_Enable                    0x080015b3   Thumb Code    14  stm32wbxx_hal_rcc_ex.o(i.LL_RCC_PLLSAI1_Enable)
    i.LL_RCC_PLLSAI1_IsReady                 0x080015c0   Section        0  stm32wbxx_hal_rcc_ex.o(i.LL_RCC_PLLSAI1_IsReady)
    LL_RCC_PLLSAI1_IsReady                   0x080015c1   Thumb Code    12  stm32wbxx_hal_rcc_ex.o(i.LL_RCC_PLLSAI1_IsReady)
    i.LL_RCC_PLL_GetMainSource               0x080015cc   Section        0  stm32wbxx_hal_rcc.o(i.LL_RCC_PLL_GetMainSource)
    LL_RCC_PLL_GetMainSource                 0x080015cd   Thumb Code    12  stm32wbxx_hal_rcc.o(i.LL_RCC_PLL_GetMainSource)
    i.LL_RCC_SetCLK48ClockSource             0x080015d8   Section        0  stm32wbxx_hal_rcc_ex.o(i.LL_RCC_SetCLK48ClockSource)
    LL_RCC_SetCLK48ClockSource               0x080015d9   Thumb Code    18  stm32wbxx_hal_rcc_ex.o(i.LL_RCC_SetCLK48ClockSource)
    i.LL_RCC_SetI2CClockSource               0x080015ea   Section        0  stm32wbxx_hal_rcc_ex.o(i.LL_RCC_SetI2CClockSource)
    LL_RCC_SetI2CClockSource                 0x080015eb   Thumb Code    30  stm32wbxx_hal_rcc_ex.o(i.LL_RCC_SetI2CClockSource)
    i.LL_RCC_SetLPTIMClockSource             0x08001608   Section        0  stm32wbxx_hal_rcc_ex.o(i.LL_RCC_SetLPTIMClockSource)
    LL_RCC_SetLPTIMClockSource               0x08001609   Thumb Code    22  stm32wbxx_hal_rcc_ex.o(i.LL_RCC_SetLPTIMClockSource)
    i.LL_RCC_SetRNGClockSource               0x0800161e   Section        0  stm32wbxx_hal_rcc_ex.o(i.LL_RCC_SetRNGClockSource)
    LL_RCC_SetRNGClockSource                 0x0800161f   Thumb Code    18  stm32wbxx_hal_rcc_ex.o(i.LL_RCC_SetRNGClockSource)
    i.MX_GPIO_Init                           0x08001630   Section        0  gpio.o(i.MX_GPIO_Init)
    i.MX_LPUART1_UART_Init                   0x0800168c   Section        0  usart.o(i.MX_LPUART1_UART_Init)
    i.MX_QUADSPI_Init                        0x080016f4   Section        0  quadspi.o(i.MX_QUADSPI_Init)
    i.MX_USB_PCD_Init                        0x08001728   Section        0  usb.o(i.MX_USB_PCD_Init)
    i.MemManage_Handler                      0x08001760   Section        0  stm32wbxx_it.o(i.MemManage_Handler)
    i.NMI_Handler                            0x08001762   Section        0  stm32wbxx_it.o(i.NMI_Handler)
    i.PendSV_Handler                         0x08001764   Section        0  stm32wbxx_it.o(i.PendSV_Handler)
    i.QSPI_WaitFlagStateUntilTimeout         0x08001766   Section        0  stm32wbxx_hal_qspi.o(i.QSPI_WaitFlagStateUntilTimeout)
    QSPI_WaitFlagStateUntilTimeout           0x08001767   Thumb Code    72  stm32wbxx_hal_qspi.o(i.QSPI_WaitFlagStateUntilTimeout)
    i.RCCEx_PLLSAI1_ConfigNP                 0x080017ae   Section        0  stm32wbxx_hal_rcc_ex.o(i.RCCEx_PLLSAI1_ConfigNP)
    RCCEx_PLLSAI1_ConfigNP                   0x080017af   Thumb Code   116  stm32wbxx_hal_rcc_ex.o(i.RCCEx_PLLSAI1_ConfigNP)
    i.RCCEx_PLLSAI1_ConfigNQ                 0x08001822   Section        0  stm32wbxx_hal_rcc_ex.o(i.RCCEx_PLLSAI1_ConfigNQ)
    RCCEx_PLLSAI1_ConfigNQ                   0x08001823   Thumb Code   116  stm32wbxx_hal_rcc_ex.o(i.RCCEx_PLLSAI1_ConfigNQ)
    i.RCCEx_PLLSAI1_ConfigNR                 0x08001896   Section        0  stm32wbxx_hal_rcc_ex.o(i.RCCEx_PLLSAI1_ConfigNR)
    RCCEx_PLLSAI1_ConfigNR                   0x08001897   Thumb Code   116  stm32wbxx_hal_rcc_ex.o(i.RCCEx_PLLSAI1_ConfigNR)
    i.RCC_SetFlashLatency                    0x0800190c   Section        0  stm32wbxx_hal_rcc.o(i.RCC_SetFlashLatency)
    RCC_SetFlashLatency                      0x0800190d   Thumb Code   134  stm32wbxx_hal_rcc.o(i.RCC_SetFlashLatency)
    i.RCC_SetFlashLatencyFromMSIRange        0x0800199c   Section        0  stm32wbxx_hal_rcc.o(i.RCC_SetFlashLatencyFromMSIRange)
    RCC_SetFlashLatencyFromMSIRange          0x0800199d   Thumb Code    62  stm32wbxx_hal_rcc.o(i.RCC_SetFlashLatencyFromMSIRange)
    i.SVC_Handler                            0x080019e8   Section        0  stm32wbxx_it.o(i.SVC_Handler)
    i.SysTick_Handler                        0x080019ea   Section        0  stm32wbxx_it.o(i.SysTick_Handler)
    i.SystemClock_Config                     0x080019f0   Section        0  main.o(i.SystemClock_Config)
    i.SystemInit                             0x08001aa8   Section        0  system_stm32wbxx.o(i.SystemInit)
    i.UARTEx_SetNbDataToProcess              0x08001b04   Section        0  stm32wbxx_hal_uart_ex.o(i.UARTEx_SetNbDataToProcess)
    UARTEx_SetNbDataToProcess                0x08001b05   Thumb Code    62  stm32wbxx_hal_uart_ex.o(i.UARTEx_SetNbDataToProcess)
    i.UART_AdvFeatureConfig                  0x08001b48   Section        0  stm32wbxx_hal_uart.o(i.UART_AdvFeatureConfig)
    i.UART_CheckIdleState                    0x08001c10   Section        0  stm32wbxx_hal_uart.o(i.UART_CheckIdleState)
    i.UART_SetConfig                         0x08001c70   Section        0  stm32wbxx_hal_uart.o(i.UART_SetConfig)
    i.UART_WaitOnFlagUntilTimeout            0x08001e70   Section        0  stm32wbxx_hal_uart.o(i.UART_WaitOnFlagUntilTimeout)
    i.USB_DevInit                            0x08001f14   Section        0  stm32wbxx_ll_usb.o(i.USB_DevInit)
    i.USB_DisableGlobalInt                   0x08001f26   Section        0  stm32wbxx_ll_usb.o(i.USB_DisableGlobalInt)
    i.UsageFault_Handler                     0x08001f36   Section        0  stm32wbxx_it.o(i.UsageFault_Handler)
    i.__0printf$bare                         0x08001f38   Section        0  printfb.o(i.__0printf$bare)
    i.__NVIC_SetPriority                     0x08001f48   Section        0  stm32wbxx_hal_cortex.o(i.__NVIC_SetPriority)
    __NVIC_SetPriority                       0x08001f49   Thumb Code    32  stm32wbxx_hal_cortex.o(i.__NVIC_SetPriority)
    i.__scatterload_copy                     0x08001f68   Section       14  handlers.o(i.__scatterload_copy)
    i.__scatterload_null                     0x08001f76   Section        2  handlers.o(i.__scatterload_null)
    i.__scatterload_zeroinit                 0x08001f78   Section       14  handlers.o(i.__scatterload_zeroinit)
    i._printf_core                           0x08001f86   Section        0  printfb.o(i._printf_core)
    _printf_core                             0x08001f87   Thumb Code    34  printfb.o(i._printf_core)
    i.fputc                                  0x08001fa8   Section        0  usart.o(i.fputc)
    i.main                                   0x08001fc0   Section        0  main.o(i.main)
    .constdata                               0x0800203c   Section       24  stm32wbxx_hal_uart.o(.constdata)
    .constdata                               0x08002054   Section       16  stm32wbxx_hal_uart_ex.o(.constdata)
    numerator                                0x08002054   Data           8  stm32wbxx_hal_uart_ex.o(.constdata)
    denominator                              0x0800205c   Data           8  stm32wbxx_hal_uart_ex.o(.constdata)
    .constdata                               0x08002064   Section       44  stm32wbxx_hal_rcc.o(.constdata)
    .constdata                               0x08002090   Section      128  system_stm32wbxx.o(.constdata)
    .constdata                               0x08002110   Section       32  system_stm32wbxx.o(.constdata)
    .data                                    0x20000004   Section       12  stm32wbxx_hal.o(.data)
    .data                                    0x20000010   Section        4  system_stm32wbxx.o(.data)
    .data                                    0x20000014   Section        4  stdout.o(.data)
    .bss                                     0x20000018   Section      144  usart.o(.bss)
    .bss                                     0x200000a8   Section       68  quadspi.o(.bss)
    .bss                                     0x200000ec   Section      756  usb.o(.bss)
    STACK                                    0x200003e0   Section     1024  startup_stm32wb55xx_cm4.o(STACK)

    Global Symbols

    Symbol Name                              Value     Ov Type        Size  Object(Section)

    BuildAttributes$$THM_ISAv4$E$P$D$K$B$S$7EM$VFPi3$EXTD16$VFPS$VFMA$PE$A:L22UL41UL21$X:L11$S22US41US21$IEEE1$IW$USESV6$~STKCKD$USESV7$~SHL$OSPACE$ROPI$EBA8$MICROLIB$REQ8$PRES8$EABIv2 0x00000000   Number         0  anon$$obj.o ABSOLUTE
    __ARM_use_no_argv                        0x00000000   Number         0  main.o ABSOLUTE
    __cpp_initialize__aeabi_                  - Undefined Weak Reference
    __cxa_finalize                            - Undefined Weak Reference
    __decompress                              - Undefined Weak Reference
    _clock_init                               - Undefined Weak Reference
    _microlib_exit                            - Undefined Weak Reference
    __Vectors_Size                           0x0000013c   Number         0  startup_stm32wb55xx_cm4.o ABSOLUTE
    __Vectors                                0x08000000   Data           4  startup_stm32wb55xx_cm4.o(RESET)
    __Vectors_End                            0x0800013c   Data           0  startup_stm32wb55xx_cm4.o(RESET)
    __main                                   0x0800013d   Thumb Code     0  entry.o(.ARM.Collect$$$$00000000)
    _main_stk                                0x0800013d   Thumb Code     0  entry2.o(.ARM.Collect$$$$00000001)
    _main_scatterload                        0x08000141   Thumb Code     0  entry5.o(.ARM.Collect$$$$00000004)
    __main_after_scatterload                 0x08000145   Thumb Code     0  entry5.o(.ARM.Collect$$$$00000004)
    _main_clock                              0x08000145   Thumb Code     0  entry7b.o(.ARM.Collect$$$$00000008)
    _main_cpp_init                           0x08000145   Thumb Code     0  entry8b.o(.ARM.Collect$$$$0000000A)
    _main_init                               0x08000145   Thumb Code     0  entry9a.o(.ARM.Collect$$$$0000000B)
    __rt_final_cpp                           0x0800014d   Thumb Code     0  entry10a.o(.ARM.Collect$$$$0000000D)
    __rt_final_exit                          0x0800014d   Thumb Code     0  entry11a.o(.ARM.Collect$$$$0000000F)
    Reset_Handler                            0x08000151   Thumb Code     8  startup_stm32wb55xx_cm4.o(.text)
    ADC1_IRQHandler                          0x0800016b   Thumb Code     0  startup_stm32wb55xx_cm4.o(.text)
    AES1_IRQHandler                          0x0800016b   Thumb Code     0  startup_stm32wb55xx_cm4.o(.text)
    AES2_IRQHandler                          0x0800016b   Thumb Code     0  startup_stm32wb55xx_cm4.o(.text)
    C2SEV_PWR_C2H_IRQHandler                 0x0800016b   Thumb Code     0  startup_stm32wb55xx_cm4.o(.text)
    COMP_IRQHandler                          0x0800016b   Thumb Code     0  startup_stm32wb55xx_cm4.o(.text)
    CRS_IRQHandler                           0x0800016b   Thumb Code     0  startup_stm32wb55xx_cm4.o(.text)
    DMA1_Channel1_IRQHandler                 0x0800016b   Thumb Code     0  startup_stm32wb55xx_cm4.o(.text)
    DMA1_Channel2_IRQHandler                 0x0800016b   Thumb Code     0  startup_stm32wb55xx_cm4.o(.text)
    DMA1_Channel3_IRQHandler                 0x0800016b   Thumb Code     0  startup_stm32wb55xx_cm4.o(.text)
    DMA1_Channel4_IRQHandler                 0x0800016b   Thumb Code     0  startup_stm32wb55xx_cm4.o(.text)
    DMA1_Channel5_IRQHandler                 0x0800016b   Thumb Code     0  startup_stm32wb55xx_cm4.o(.text)
    DMA1_Channel6_IRQHandler                 0x0800016b   Thumb Code     0  startup_stm32wb55xx_cm4.o(.text)
    DMA1_Channel7_IRQHandler                 0x0800016b   Thumb Code     0  startup_stm32wb55xx_cm4.o(.text)
    DMA2_Channel1_IRQHandler                 0x0800016b   Thumb Code     0  startup_stm32wb55xx_cm4.o(.text)
    DMA2_Channel2_IRQHandler                 0x0800016b   Thumb Code     0  startup_stm32wb55xx_cm4.o(.text)
    DMA2_Channel3_IRQHandler                 0x0800016b   Thumb Code     0  startup_stm32wb55xx_cm4.o(.text)
    DMA2_Channel4_IRQHandler                 0x0800016b   Thumb Code     0  startup_stm32wb55xx_cm4.o(.text)
    DMA2_Channel5_IRQHandler                 0x0800016b   Thumb Code     0  startup_stm32wb55xx_cm4.o(.text)
    DMA2_Channel6_IRQHandler                 0x0800016b   Thumb Code     0  startup_stm32wb55xx_cm4.o(.text)
    DMA2_Channel7_IRQHandler                 0x0800016b   Thumb Code     0  startup_stm32wb55xx_cm4.o(.text)
    DMAMUX1_OVR_IRQHandler                   0x0800016b   Thumb Code     0  startup_stm32wb55xx_cm4.o(.text)
    EXTI0_IRQHandler                         0x0800016b   Thumb Code     0  startup_stm32wb55xx_cm4.o(.text)
    EXTI15_10_IRQHandler                     0x0800016b   Thumb Code     0  startup_stm32wb55xx_cm4.o(.text)
    EXTI1_IRQHandler                         0x0800016b   Thumb Code     0  startup_stm32wb55xx_cm4.o(.text)
    EXTI2_IRQHandler                         0x0800016b   Thumb Code     0  startup_stm32wb55xx_cm4.o(.text)
    EXTI3_IRQHandler                         0x0800016b   Thumb Code     0  startup_stm32wb55xx_cm4.o(.text)
    EXTI4_IRQHandler                         0x0800016b   Thumb Code     0  startup_stm32wb55xx_cm4.o(.text)
    EXTI9_5_IRQHandler                       0x0800016b   Thumb Code     0  startup_stm32wb55xx_cm4.o(.text)
    FLASH_IRQHandler                         0x0800016b   Thumb Code     0  startup_stm32wb55xx_cm4.o(.text)
    FPU_IRQHandler                           0x0800016b   Thumb Code     0  startup_stm32wb55xx_cm4.o(.text)
    HSEM_IRQHandler                          0x0800016b   Thumb Code     0  startup_stm32wb55xx_cm4.o(.text)
    I2C1_ER_IRQHandler                       0x0800016b   Thumb Code     0  startup_stm32wb55xx_cm4.o(.text)
    I2C1_EV_IRQHandler                       0x0800016b   Thumb Code     0  startup_stm32wb55xx_cm4.o(.text)
    I2C3_ER_IRQHandler                       0x0800016b   Thumb Code     0  startup_stm32wb55xx_cm4.o(.text)
    I2C3_EV_IRQHandler                       0x0800016b   Thumb Code     0  startup_stm32wb55xx_cm4.o(.text)
    IPCC_C1_RX_IRQHandler                    0x0800016b   Thumb Code     0  startup_stm32wb55xx_cm4.o(.text)
    IPCC_C1_TX_IRQHandler                    0x0800016b   Thumb Code     0  startup_stm32wb55xx_cm4.o(.text)
    LCD_IRQHandler                           0x0800016b   Thumb Code     0  startup_stm32wb55xx_cm4.o(.text)
    LPTIM1_IRQHandler                        0x0800016b   Thumb Code     0  startup_stm32wb55xx_cm4.o(.text)
    LPTIM2_IRQHandler                        0x0800016b   Thumb Code     0  startup_stm32wb55xx_cm4.o(.text)
    LPUART1_IRQHandler                       0x0800016b   Thumb Code     0  startup_stm32wb55xx_cm4.o(.text)
    PKA_IRQHandler                           0x0800016b   Thumb Code     0  startup_stm32wb55xx_cm4.o(.text)
    PVD_PVM_IRQHandler                       0x0800016b   Thumb Code     0  startup_stm32wb55xx_cm4.o(.text)
    PWR_SOTF_BLEACT_802ACT_RFPHASE_IRQHandler 0x0800016b   Thumb Code     0  startup_stm32wb55xx_cm4.o(.text)
    QUADSPI_IRQHandler                       0x0800016b   Thumb Code     0  startup_stm32wb55xx_cm4.o(.text)
    RCC_IRQHandler                           0x0800016b   Thumb Code     0  startup_stm32wb55xx_cm4.o(.text)
    RNG_IRQHandler                           0x0800016b   Thumb Code     0  startup_stm32wb55xx_cm4.o(.text)
    RTC_Alarm_IRQHandler                     0x0800016b   Thumb Code     0  startup_stm32wb55xx_cm4.o(.text)
    RTC_WKUP_IRQHandler                      0x0800016b   Thumb Code     0  startup_stm32wb55xx_cm4.o(.text)
    SAI1_IRQHandler                          0x0800016b   Thumb Code     0  startup_stm32wb55xx_cm4.o(.text)
    SPI1_IRQHandler                          0x0800016b   Thumb Code     0  startup_stm32wb55xx_cm4.o(.text)
    SPI2_IRQHandler                          0x0800016b   Thumb Code     0  startup_stm32wb55xx_cm4.o(.text)
    TAMP_STAMP_LSECSS_IRQHandler             0x0800016b   Thumb Code     0  startup_stm32wb55xx_cm4.o(.text)
    TIM1_BRK_IRQHandler                      0x0800016b   Thumb Code     0  startup_stm32wb55xx_cm4.o(.text)
    TIM1_CC_IRQHandler                       0x0800016b   Thumb Code     0  startup_stm32wb55xx_cm4.o(.text)
    TIM1_TRG_COM_TIM17_IRQHandler            0x0800016b   Thumb Code     0  startup_stm32wb55xx_cm4.o(.text)
    TIM1_UP_TIM16_IRQHandler                 0x0800016b   Thumb Code     0  startup_stm32wb55xx_cm4.o(.text)
    TIM2_IRQHandler                          0x0800016b   Thumb Code     0  startup_stm32wb55xx_cm4.o(.text)
    TSC_IRQHandler                           0x0800016b   Thumb Code     0  startup_stm32wb55xx_cm4.o(.text)
    USART1_IRQHandler                        0x0800016b   Thumb Code     0  startup_stm32wb55xx_cm4.o(.text)
    USB_HP_IRQHandler                        0x0800016b   Thumb Code     0  startup_stm32wb55xx_cm4.o(.text)
    USB_LP_IRQHandler                        0x0800016b   Thumb Code     0  startup_stm32wb55xx_cm4.o(.text)
    WWDG_IRQHandler                          0x0800016b   Thumb Code     0  startup_stm32wb55xx_cm4.o(.text)
    __aeabi_uldivmod                         0x08000175   Thumb Code    98  uldiv.o(.text)
    __aeabi_memcpy                           0x080001d7   Thumb Code    36  memcpya.o(.text)
    __aeabi_memcpy4                          0x080001d7   Thumb Code     0  memcpya.o(.text)
    __aeabi_memcpy8                          0x080001d7   Thumb Code     0  memcpya.o(.text)
    __aeabi_memset                           0x080001fb   Thumb Code    14  memseta.o(.text)
    __aeabi_memset4                          0x080001fb   Thumb Code     0  memseta.o(.text)
    __aeabi_memset8                          0x080001fb   Thumb Code     0  memseta.o(.text)
    __aeabi_memclr                           0x08000209   Thumb Code     4  memseta.o(.text)
    __aeabi_memclr4                          0x08000209   Thumb Code     0  memseta.o(.text)
    __aeabi_memclr8                          0x08000209   Thumb Code     0  memseta.o(.text)
    _memset$wrapper                          0x0800020d   Thumb Code    18  memseta.o(.text)
    __aeabi_llsl                             0x0800021f   Thumb Code    30  llshl.o(.text)
    _ll_shift_l                              0x0800021f   Thumb Code     0  llshl.o(.text)
    __aeabi_llsr                             0x0800023d   Thumb Code    32  llushr.o(.text)
    _ll_ushift_r                             0x0800023d   Thumb Code     0  llushr.o(.text)
    __scatterload                            0x0800025d   Thumb Code    28  init.o(.text)
    __scatterload_rt2                        0x0800025d   Thumb Code     0  init.o(.text)
    BusFault_Handler                         0x08000281   Thumb Code     2  stm32wbxx_it.o(i.BusFault_Handler)
    DebugMon_Handler                         0x08000283   Thumb Code     2  stm32wbxx_it.o(i.DebugMon_Handler)
    Error_Handler                            0x08000285   Thumb Code     4  main.o(i.Error_Handler)
    HAL_Delay                                0x08000289   Thumb Code    32  stm32wbxx_hal.o(i.HAL_Delay)
    HAL_GPIO_Init                            0x080002ad   Thumb Code   394  stm32wbxx_hal_gpio.o(i.HAL_GPIO_Init)
    HAL_GPIO_WritePin                        0x08000451   Thumb Code    10  stm32wbxx_hal_gpio.o(i.HAL_GPIO_WritePin)
    HAL_GetTick                              0x0800045d   Thumb Code     6  stm32wbxx_hal.o(i.HAL_GetTick)
    HAL_GetTickPrio                          0x08000469   Thumb Code     6  stm32wbxx_hal.o(i.HAL_GetTickPrio)
    HAL_IncTick                              0x08000475   Thumb Code    12  stm32wbxx_hal.o(i.HAL_IncTick)
    HAL_Init                                 0x08000485   Thumb Code    40  stm32wbxx_hal.o(i.HAL_Init)
    HAL_InitTick                             0x080004b1   Thumb Code    60  stm32wbxx_hal.o(i.HAL_InitTick)
    HAL_MspInit                              0x080004f1   Thumb Code     2  stm32wbxx_hal_msp.o(i.HAL_MspInit)
    HAL_NVIC_SetPriority                     0x080004f5   Thumb Code    60  stm32wbxx_hal_cortex.o(i.HAL_NVIC_SetPriority)
    HAL_NVIC_SetPriorityGrouping             0x08000535   Thumb Code    26  stm32wbxx_hal_cortex.o(i.HAL_NVIC_SetPriorityGrouping)
    HAL_PCDEx_ActivateLPM                    0x08000559   Thumb Code    36  stm32wbxx_hal_pcd_ex.o(i.HAL_PCDEx_ActivateLPM)
    HAL_PCD_Init                             0x0800057d   Thumb Code   178  stm32wbxx_hal_pcd.o(i.HAL_PCD_Init)
    HAL_PCD_MspInit                          0x08000631   Thumb Code    92  usb.o(i.HAL_PCD_MspInit)
    HAL_PWREx_GetVoltageRange                0x08000691   Thumb Code    10  stm32wbxx_hal_pwr_ex.o(i.HAL_PWREx_GetVoltageRange)
    HAL_PWR_EnableBkUpAccess                 0x080006a1   Thumb Code    12  stm32wbxx_hal_pwr.o(i.HAL_PWR_EnableBkUpAccess)
    HAL_QSPI_Init                            0x080006b1   Thumb Code   166  stm32wbxx_hal_qspi.o(i.HAL_QSPI_Init)
    HAL_QSPI_MspInit                         0x08000761   Thumb Code   108  quadspi.o(i.HAL_QSPI_MspInit)
    HAL_RCCEx_PeriphCLKConfig                0x080007d5   Thumb Code   530  stm32wbxx_hal_rcc_ex.o(i.HAL_RCCEx_PeriphCLKConfig)
    HAL_RCC_ClockConfig                      0x080009e9   Thumb Code   496  stm32wbxx_hal_rcc.o(i.HAL_RCC_ClockConfig)
    HAL_RCC_GetHCLKFreq                      0x08000be1   Thumb Code    30  stm32wbxx_hal_rcc.o(i.HAL_RCC_GetHCLKFreq)
    HAL_RCC_GetPCLK1Freq                     0x08000c05   Thumb Code    32  stm32wbxx_hal_rcc.o(i.HAL_RCC_GetPCLK1Freq)
    HAL_RCC_GetPCLK2Freq                     0x08000c29   Thumb Code    32  stm32wbxx_hal_rcc.o(i.HAL_RCC_GetPCLK2Freq)
    HAL_RCC_GetSysClockFreq                  0x08000c4d   Thumb Code   140  stm32wbxx_hal_rcc.o(i.HAL_RCC_GetSysClockFreq)
    HAL_RCC_OscConfig                        0x08000ce1   Thumb Code  1406  stm32wbxx_hal_rcc.o(i.HAL_RCC_OscConfig)
    HAL_SYSTICK_Config                       0x08001265   Thumb Code    40  stm32wbxx_hal_cortex.o(i.HAL_SYSTICK_Config)
    HAL_UARTEx_DisableFifoMode               0x0800128d   Thumb Code    62  stm32wbxx_hal_uart_ex.o(i.HAL_UARTEx_DisableFifoMode)
    HAL_UARTEx_SetRxFifoThreshold            0x080012cb   Thumb Code    76  stm32wbxx_hal_uart_ex.o(i.HAL_UARTEx_SetRxFifoThreshold)
    HAL_UARTEx_SetTxFifoThreshold            0x08001317   Thumb Code    76  stm32wbxx_hal_uart_ex.o(i.HAL_UARTEx_SetTxFifoThreshold)
    HAL_UART_Init                            0x08001363   Thumb Code   106  stm32wbxx_hal_uart.o(i.HAL_UART_Init)
    HAL_UART_MspInit                         0x080013cd   Thumb Code    88  usart.o(i.HAL_UART_MspInit)
    HAL_UART_Transmit                        0x0800142d   Thumb Code   188  stm32wbxx_hal_uart.o(i.HAL_UART_Transmit)
    HardFault_Handler                        0x080014e9   Thumb Code     2  stm32wbxx_it.o(i.HardFault_Handler)
    MX_GPIO_Init                             0x08001631   Thumb Code    86  gpio.o(i.MX_GPIO_Init)
    MX_LPUART1_UART_Init                     0x0800168d   Thumb Code    94  usart.o(i.MX_LPUART1_UART_Init)
    MX_QUADSPI_Init                          0x080016f5   Thumb Code    44  quadspi.o(i.MX_QUADSPI_Init)
    MX_USB_PCD_Init                          0x08001729   Thumb Code    46  usb.o(i.MX_USB_PCD_Init)
    MemManage_Handler                        0x08001761   Thumb Code     2  stm32wbxx_it.o(i.MemManage_Handler)
    NMI_Handler                              0x08001763   Thumb Code     2  stm32wbxx_it.o(i.NMI_Handler)
    PendSV_Handler                           0x08001765   Thumb Code     2  stm32wbxx_it.o(i.PendSV_Handler)
    SVC_Handler                              0x080019e9   Thumb Code     2  stm32wbxx_it.o(i.SVC_Handler)
    SysTick_Handler                          0x080019eb   Thumb Code     4  stm32wbxx_it.o(i.SysTick_Handler)
    SystemClock_Config                       0x080019f1   Thumb Code   178  main.o(i.SystemClock_Config)
    SystemInit                               0x08001aa9   Thumb Code    80  system_stm32wbxx.o(i.SystemInit)
    UART_AdvFeatureConfig                    0x08001b49   Thumb Code   200  stm32wbxx_hal_uart.o(i.UART_AdvFeatureConfig)
    UART_CheckIdleState                      0x08001c11   Thumb Code    96  stm32wbxx_hal_uart.o(i.UART_CheckIdleState)
    UART_SetConfig                           0x08001c71   Thumb Code   482  stm32wbxx_hal_uart.o(i.UART_SetConfig)
    UART_WaitOnFlagUntilTimeout              0x08001e71   Thumb Code   164  stm32wbxx_hal_uart.o(i.UART_WaitOnFlagUntilTimeout)
    USB_DevInit                              0x08001f15   Thumb Code    18  stm32wbxx_ll_usb.o(i.USB_DevInit)
    USB_DisableGlobalInt                     0x08001f27   Thumb Code    16  stm32wbxx_ll_usb.o(i.USB_DisableGlobalInt)
    UsageFault_Handler                       0x08001f37   Thumb Code     2  stm32wbxx_it.o(i.UsageFault_Handler)
    __0printf$bare                           0x08001f39   Thumb Code     8  printfb.o(i.__0printf$bare)
    __1printf$bare                           0x08001f39   Thumb Code     0  printfb.o(i.__0printf$bare)
    __2printf                                0x08001f39   Thumb Code     0  printfb.o(i.__0printf$bare)
    __scatterload_copy                       0x08001f69   Thumb Code    14  handlers.o(i.__scatterload_copy)
    __scatterload_null                       0x08001f77   Thumb Code     2  handlers.o(i.__scatterload_null)
    __scatterload_zeroinit                   0x08001f79   Thumb Code    14  handlers.o(i.__scatterload_zeroinit)
    fputc                                    0x08001fa9   Thumb Code    20  usart.o(i.fputc)
    main                                     0x08001fc1   Thumb Code    96  main.o(i.main)
    UARTPrescTable                           0x0800203c   Data          24  stm32wbxx_hal_uart.o(.constdata)
    AHBPrescTable                            0x08002090   Data          64  system_stm32wbxx.o(.constdata)
    MSIRangeTable                            0x080020d0   Data          64  system_stm32wbxx.o(.constdata)
    APBPrescTable                            0x08002110   Data          32  system_stm32wbxx.o(.constdata)
    Region$$Table$$Base                      0x08002130   Number         0  anon$$obj.o(Region$$Table)
    Region$$Table$$Limit                     0x08002150   Number         0  anon$$obj.o(Region$$Table)
    uwTickFreq                               0x20000004   Data           1  stm32wbxx_hal.o(.data)
    uwTickPrio                               0x20000008   Data           4  stm32wbxx_hal.o(.data)
    uwTick                                   0x2000000c   Data           4  stm32wbxx_hal.o(.data)
    SystemCoreClock                          0x20000010   Data           4  system_stm32wbxx.o(.data)
    __stdout                                 0x20000014   Data           4  stdout.o(.data)
    hlpuart1                                 0x20000018   Data         144  usart.o(.bss)
    hqspi                                    0x200000a8   Data          68  quadspi.o(.bss)
    hpcd_USB_FS                              0x200000ec   Data         756  usb.o(.bss)
    __initial_sp                             0x200007e0   Data           0  startup_stm32wb55xx_cm4.o(STACK)



==============================================================================

Memory Map of the image

  Image Entry point : 0x0800013d

  Load Region LR_IROM1 (Base: 0x08000000, Size: 0x00002164, Max: 0x00080000, ABSOLUTE)

    Execution Region ER_IROM1 (Exec base: 0x08000000, Load base: 0x08000000, Size: 0x00002150, Max: 0x00080000, ABSOLUTE)

    Exec Addr    Load Addr    Size         Type   Attr      Idx    E Section Name        Object

    0x08000000   0x08000000   0x0000013c   Data   RO            3    RESET               startup_stm32wb55xx_cm4.o
    0x0800013c   0x0800013c   0x00000000   Code   RO         3664  * .ARM.Collect$$$$00000000  mc_w.l(entry.o)
    0x0800013c   0x0800013c   0x00000004   Code   RO         3935    .ARM.Collect$$$$00000001  mc_w.l(entry2.o)
    0x08000140   0x08000140   0x00000004   Code   RO         3938    .ARM.Collect$$$$00000004  mc_w.l(entry5.o)
    0x08000144   0x08000144   0x00000000   Code   RO         3940    .ARM.Collect$$$$00000008  mc_w.l(entry7b.o)
    0x08000144   0x08000144   0x00000000   Code   RO         3942    .ARM.Collect$$$$0000000A  mc_w.l(entry8b.o)
    0x08000144   0x08000144   0x00000008   Code   RO         3943    .ARM.Collect$$$$0000000B  mc_w.l(entry9a.o)
    0x0800014c   0x0800014c   0x00000000   Code   RO         3945    .ARM.Collect$$$$0000000D  mc_w.l(entry10a.o)
    0x0800014c   0x0800014c   0x00000000   Code   RO         3947    .ARM.Collect$$$$0000000F  mc_w.l(entry11a.o)
    0x0800014c   0x0800014c   0x00000004   Code   RO         3936    .ARM.Collect$$$$00002712  mc_w.l(entry2.o)
    0x08000150   0x08000150   0x00000024   Code   RO            4    .text               startup_stm32wb55xx_cm4.o
    0x08000174   0x08000174   0x00000062   Code   RO         3667    .text               mc_w.l(uldiv.o)
    0x080001d6   0x080001d6   0x00000024   Code   RO         3669    .text               mc_w.l(memcpya.o)
    0x080001fa   0x080001fa   0x00000024   Code   RO         3671    .text               mc_w.l(memseta.o)
    0x0800021e   0x0800021e   0x0000001e   Code   RO         3952    .text               mc_w.l(llshl.o)
    0x0800023c   0x0800023c   0x00000020   Code   RO         3954    .text               mc_w.l(llushr.o)
    0x0800025c   0x0800025c   0x00000024   Code   RO         3967    .text               mc_w.l(init.o)
    0x08000280   0x08000280   0x00000002   Code   RO          387    i.BusFault_Handler  stm32wbxx_it.o
    0x08000282   0x08000282   0x00000002   Code   RO          388    i.DebugMon_Handler  stm32wbxx_it.o
    0x08000284   0x08000284   0x00000004   Code   RO           13    i.Error_Handler     main.o
    0x08000288   0x08000288   0x00000024   Code   RO         2578    i.HAL_Delay         stm32wbxx_hal.o
    0x080002ac   0x080002ac   0x000001a4   Code   RO         1755    i.HAL_GPIO_Init     stm32wbxx_hal_gpio.o
    0x08000450   0x08000450   0x0000000a   Code   RO         1759    i.HAL_GPIO_WritePin  stm32wbxx_hal_gpio.o
    0x0800045a   0x0800045a   0x00000002   PAD
    0x0800045c   0x0800045c   0x0000000c   Code   RO         2582    i.HAL_GetTick       stm32wbxx_hal.o
    0x08000468   0x08000468   0x0000000c   Code   RO         2584    i.HAL_GetTickPrio   stm32wbxx_hal.o
    0x08000474   0x08000474   0x00000010   Code   RO         2588    i.HAL_IncTick       stm32wbxx_hal.o
    0x08000484   0x08000484   0x0000002c   Code   RO         2589    i.HAL_Init          stm32wbxx_hal.o
    0x080004b0   0x080004b0   0x00000040   Code   RO         2590    i.HAL_InitTick      stm32wbxx_hal.o
    0x080004f0   0x080004f0   0x00000002   Code   RO          462    i.HAL_MspInit       stm32wbxx_hal_msp.o
    0x080004f2   0x080004f2   0x00000002   PAD
    0x080004f4   0x080004f4   0x00000040   Code   RO         2452    i.HAL_NVIC_SetPriority  stm32wbxx_hal_cortex.o
    0x08000534   0x08000534   0x00000024   Code   RO         2453    i.HAL_NVIC_SetPriorityGrouping  stm32wbxx_hal_cortex.o
    0x08000558   0x08000558   0x00000024   Code   RO         3431    i.HAL_PCDEx_ActivateLPM  stm32wbxx_hal_pcd_ex.o
    0x0800057c   0x0800057c   0x000000b2   Code   RO         3228    i.HAL_PCD_Init      stm32wbxx_hal_pcd.o
    0x0800062e   0x0800062e   0x00000002   PAD
    0x08000630   0x08000630   0x00000060   Code   RO          343    i.HAL_PCD_MspInit   usb.o
    0x08000690   0x08000690   0x00000010   Code   RO         2148    i.HAL_PWREx_GetVoltageRange  stm32wbxx_hal_pwr_ex.o
    0x080006a0   0x080006a0   0x00000010   Code   RO         1996    i.HAL_PWR_EnableBkUpAccess  stm32wbxx_hal_pwr.o
    0x080006b0   0x080006b0   0x000000b0   Code   RO         2928    i.HAL_QSPI_Init     stm32wbxx_hal_qspi.o
    0x08000760   0x08000760   0x00000074   Code   RO          293    i.HAL_QSPI_MspInit  quadspi.o
    0x080007d4   0x080007d4   0x00000212   Code   RO         1222    i.HAL_RCCEx_PeriphCLKConfig  stm32wbxx_hal_rcc_ex.o
    0x080009e6   0x080009e6   0x00000002   PAD
    0x080009e8   0x080009e8   0x000001f8   Code   RO         1022    i.HAL_RCC_ClockConfig  stm32wbxx_hal_rcc.o
    0x08000be0   0x08000be0   0x00000024   Code   RO         1028    i.HAL_RCC_GetHCLKFreq  stm32wbxx_hal_rcc.o
    0x08000c04   0x08000c04   0x00000024   Code   RO         1030    i.HAL_RCC_GetPCLK1Freq  stm32wbxx_hal_rcc.o
    0x08000c28   0x08000c28   0x00000024   Code   RO         1031    i.HAL_RCC_GetPCLK2Freq  stm32wbxx_hal_rcc.o
    0x08000c4c   0x08000c4c   0x00000094   Code   RO         1032    i.HAL_RCC_GetSysClockFreq  stm32wbxx_hal_rcc.o
    0x08000ce0   0x08000ce0   0x00000584   Code   RO         1035    i.HAL_RCC_OscConfig  stm32wbxx_hal_rcc.o
    0x08001264   0x08001264   0x00000028   Code   RO         2457    i.HAL_SYSTICK_Config  stm32wbxx_hal_cortex.o
    0x0800128c   0x0800128c   0x0000003e   Code   RO          909    i.HAL_UARTEx_DisableFifoMode  stm32wbxx_hal_uart_ex.o
    0x080012ca   0x080012ca   0x0000004c   Code   RO          917    i.HAL_UARTEx_SetRxFifoThreshold  stm32wbxx_hal_uart_ex.o
    0x08001316   0x08001316   0x0000004c   Code   RO          918    i.HAL_UARTEx_SetTxFifoThreshold  stm32wbxx_hal_uart_ex.o
    0x08001362   0x08001362   0x0000006a   Code   RO          515    i.HAL_UART_Init     stm32wbxx_hal_uart.o
    0x080013cc   0x080013cc   0x00000060   Code   RO          230    i.HAL_UART_MspInit  usart.o
    0x0800142c   0x0800142c   0x000000bc   Code   RO          524    i.HAL_UART_Transmit  stm32wbxx_hal_uart.o
    0x080014e8   0x080014e8   0x00000002   Code   RO          389    i.HardFault_Handler  stm32wbxx_it.o
    0x080014ea   0x080014ea   0x00000014   Code   RO          197    i.LL_AHB2_GRP1_EnableClock  gpio.o
    0x080014fe   0x080014fe   0x00000014   Code   RO          294    i.LL_AHB2_GRP1_EnableClock  quadspi.o
    0x08001512   0x08001512   0x0000000c   Code   RO         1037    i.LL_RCC_GetSysClkSource  stm32wbxx_hal_rcc.o
    0x0800151e   0x0800151e   0x0000000c   Code   RO         1038    i.LL_RCC_HSE_IsReady  stm32wbxx_hal_rcc.o
    0x0800152a   0x0800152a   0x0000000c   Code   RO         1039    i.LL_RCC_HSI_IsReady  stm32wbxx_hal_rcc.o
    0x08001536   0x08001536   0x00000012   Code   RO         1040    i.LL_RCC_HSI_SetCalibTrimming  stm32wbxx_hal_rcc.o
    0x08001548   0x08001548   0x0000000e   Code   RO         1232    i.LL_RCC_LSE_IsReady  stm32wbxx_hal_rcc_ex.o
    0x08001556   0x08001556   0x0000000e   Code   RO         1041    i.LL_RCC_LSI1_IsReady  stm32wbxx_hal_rcc.o
    0x08001564   0x08001564   0x00000012   Code   RO         1042    i.LL_RCC_MSI_GetRange  stm32wbxx_hal_rcc.o
    0x08001576   0x08001576   0x0000000c   Code   RO         1043    i.LL_RCC_MSI_IsReady  stm32wbxx_hal_rcc.o
    0x08001582   0x08001582   0x00000012   Code   RO         1044    i.LL_RCC_MSI_SetCalibTrimming  stm32wbxx_hal_rcc.o
    0x08001594   0x08001594   0x00000010   Code   RO         1045    i.LL_RCC_MSI_SetRange  stm32wbxx_hal_rcc.o
    0x080015a4   0x080015a4   0x0000000e   Code   RO         1236    i.LL_RCC_PLLSAI1_Disable  stm32wbxx_hal_rcc_ex.o
    0x080015b2   0x080015b2   0x0000000e   Code   RO         1237    i.LL_RCC_PLLSAI1_Enable  stm32wbxx_hal_rcc_ex.o
    0x080015c0   0x080015c0   0x0000000c   Code   RO         1239    i.LL_RCC_PLLSAI1_IsReady  stm32wbxx_hal_rcc_ex.o
    0x080015cc   0x080015cc   0x0000000c   Code   RO         1046    i.LL_RCC_PLL_GetMainSource  stm32wbxx_hal_rcc.o
    0x080015d8   0x080015d8   0x00000012   Code   RO         1243    i.LL_RCC_SetCLK48ClockSource  stm32wbxx_hal_rcc_ex.o
    0x080015ea   0x080015ea   0x0000001e   Code   RO         1244    i.LL_RCC_SetI2CClockSource  stm32wbxx_hal_rcc_ex.o
    0x08001608   0x08001608   0x00000016   Code   RO         1245    i.LL_RCC_SetLPTIMClockSource  stm32wbxx_hal_rcc_ex.o
    0x0800161e   0x0800161e   0x00000012   Code   RO         1246    i.LL_RCC_SetRNGClockSource  stm32wbxx_hal_rcc_ex.o
    0x08001630   0x08001630   0x0000005c   Code   RO          198    i.MX_GPIO_Init      gpio.o
    0x0800168c   0x0800168c   0x00000068   Code   RO          231    i.MX_LPUART1_UART_Init  usart.o
    0x080016f4   0x080016f4   0x00000034   Code   RO          295    i.MX_QUADSPI_Init   quadspi.o
    0x08001728   0x08001728   0x00000038   Code   RO          344    i.MX_USB_PCD_Init   usb.o
    0x08001760   0x08001760   0x00000002   Code   RO          390    i.MemManage_Handler  stm32wbxx_it.o
    0x08001762   0x08001762   0x00000002   Code   RO          391    i.NMI_Handler       stm32wbxx_it.o
    0x08001764   0x08001764   0x00000002   Code   RO          392    i.PendSV_Handler    stm32wbxx_it.o
    0x08001766   0x08001766   0x00000048   Code   RO         2953    i.QSPI_WaitFlagStateUntilTimeout  stm32wbxx_hal_qspi.o
    0x080017ae   0x080017ae   0x00000074   Code   RO         1247    i.RCCEx_PLLSAI1_ConfigNP  stm32wbxx_hal_rcc_ex.o
    0x08001822   0x08001822   0x00000074   Code   RO         1248    i.RCCEx_PLLSAI1_ConfigNQ  stm32wbxx_hal_rcc_ex.o
    0x08001896   0x08001896   0x00000074   Code   RO         1249    i.RCCEx_PLLSAI1_ConfigNR  stm32wbxx_hal_rcc_ex.o
    0x0800190a   0x0800190a   0x00000002   PAD
    0x0800190c   0x0800190c   0x00000090   Code   RO         1047    i.RCC_SetFlashLatency  stm32wbxx_hal_rcc.o
    0x0800199c   0x0800199c   0x0000004c   Code   RO         1048    i.RCC_SetFlashLatencyFromMSIRange  stm32wbxx_hal_rcc.o
    0x080019e8   0x080019e8   0x00000002   Code   RO          393    i.SVC_Handler       stm32wbxx_it.o
    0x080019ea   0x080019ea   0x00000004   Code   RO          394    i.SysTick_Handler   stm32wbxx_it.o
    0x080019ee   0x080019ee   0x00000002   PAD
    0x080019f0   0x080019f0   0x000000b8   Code   RO           14    i.SystemClock_Config  main.o
    0x08001aa8   0x08001aa8   0x0000005c   Code   RO         3629    i.SystemInit        system_stm32wbxx.o
    0x08001b04   0x08001b04   0x00000044   Code   RO          922    i.UARTEx_SetNbDataToProcess  stm32wbxx_hal_uart_ex.o
    0x08001b48   0x08001b48   0x000000c8   Code   RO          529    i.UART_AdvFeatureConfig  stm32wbxx_hal_uart.o
    0x08001c10   0x08001c10   0x00000060   Code   RO          530    i.UART_CheckIdleState  stm32wbxx_hal_uart.o
    0x08001c70   0x08001c70   0x00000200   Code   RO          547    i.UART_SetConfig    stm32wbxx_hal_uart.o
    0x08001e70   0x08001e70   0x000000a4   Code   RO          554    i.UART_WaitOnFlagUntilTimeout  stm32wbxx_hal_uart.o
    0x08001f14   0x08001f14   0x00000012   Code   RO         3503    i.USB_DevInit       stm32wbxx_ll_usb.o
    0x08001f26   0x08001f26   0x00000010   Code   RO         3504    i.USB_DisableGlobalInt  stm32wbxx_ll_usb.o
    0x08001f36   0x08001f36   0x00000002   Code   RO          395    i.UsageFault_Handler  stm32wbxx_it.o
    0x08001f38   0x08001f38   0x00000010   Code   RO         3676    i.__0printf$bare    mc_w.l(printfb.o)
    0x08001f48   0x08001f48   0x00000020   Code   RO         2459    i.__NVIC_SetPriority  stm32wbxx_hal_cortex.o
    0x08001f68   0x08001f68   0x0000000e   Code   RO         3975    i.__scatterload_copy  mc_w.l(handlers.o)
    0x08001f76   0x08001f76   0x00000002   Code   RO         3976    i.__scatterload_null  mc_w.l(handlers.o)
    0x08001f78   0x08001f78   0x0000000e   Code   RO         3977    i.__scatterload_zeroinit  mc_w.l(handlers.o)
    0x08001f86   0x08001f86   0x00000022   Code   RO         3683    i._printf_core      mc_w.l(printfb.o)
    0x08001fa8   0x08001fa8   0x00000018   Code   RO          234    i.fputc             usart.o
    0x08001fc0   0x08001fc0   0x0000007c   Code   RO           15    i.main              main.o
    0x0800203c   0x0800203c   0x00000018   Data   RO          555    .constdata          stm32wbxx_hal_uart.o
    0x08002054   0x08002054   0x00000010   Data   RO          923    .constdata          stm32wbxx_hal_uart_ex.o
    0x08002064   0x08002064   0x0000002c   Data   RO         1049    .constdata          stm32wbxx_hal_rcc.o
    0x08002090   0x08002090   0x00000080   Data   RO         3630    .constdata          system_stm32wbxx.o
    0x08002110   0x08002110   0x00000020   Data   RO         3631    .constdata          system_stm32wbxx.o
    0x08002130   0x08002130   0x00000020   Data   RO         3973    Region$$Table       anon$$obj.o


    Execution Region RW_IRAM1 (Exec base: 0x20000004, Load base: 0x08002150, Size: 0x000007dc, Max: 0x0002fffc, ABSOLUTE)

    Exec Addr    Load Addr    Size         Type   Attr      Idx    E Section Name        Object

    0x20000004   0x08002150   0x0000000c   Data   RW         2611    .data               stm32wbxx_hal.o
    0x20000010   0x0800215c   0x00000004   Data   RW         3633    .data               system_stm32wbxx.o
    0x20000014   0x08002160   0x00000004   Data   RW         3949    .data               mc_w.l(stdout.o)
    0x20000018        -       0x00000090   Zero   RW          235    .bss                usart.o
    0x200000a8        -       0x00000044   Zero   RW          296    .bss                quadspi.o
    0x200000ec        -       0x000002f4   Zero   RW          345    .bss                usb.o
    0x200003e0        -       0x00000400   Zero   RW            1    STACK               startup_stm32wb55xx_cm4.o


    Execution Region RW_RAM_SHARED (Exec base: 0x20030000, Load base: 0x08002164, Size: 0x00000000, Max: 0x00002800, ABSOLUTE)

    **** No section assigned to this execution region ****


==============================================================================

Image component sizes


      Code (inc. data)   RO Data    RW Data    ZI Data      Debug   Object Name

       112          6          0          0          0      10487   gpio.o
       312         34          0          0          0     658877   main.o
       188         16          0          0         68      11689   quadspi.o
        36          8        316          0       1024        844   startup_stm32wb55xx_cm4.o
       184         28          0         12          0      17947   stm32wbxx_hal.o
       172         14          0          0          0      33146   stm32wbxx_hal_cortex.o
       430         26          0          0          0       2404   stm32wbxx_hal_gpio.o
         2          0          0          0          0        462   stm32wbxx_hal_msp.o
       178          0          0          0          0       1468   stm32wbxx_hal_pcd.o
        36          0          0          0          0       1134   stm32wbxx_hal_pcd_ex.o
        16          4          0          0          0        547   stm32wbxx_hal_pwr.o
        16          6          0          0          0        576   stm32wbxx_hal_pwr_ex.o
       248         10          0          0          0       2722   stm32wbxx_hal_qspi.o
      2536         76         44          0          0      46828   stm32wbxx_hal_rcc.o
      1020          0          0          0          0      39652   stm32wbxx_hal_rcc_ex.o
      1266         30         24          0          0      55598   stm32wbxx_hal_uart.o
       282          6         16          0          0       3661   stm32wbxx_hal_uart_ex.o
        20          0          0          0          0       4166   stm32wbxx_it.o
        34          0          0          0          0       1784   stm32wbxx_ll_usb.o
        92         12        160          4          0       1288   system_stm32wbxx.o
       224         22          0          0        144      11793   usart.o
       152         14          0          0        756      11206   usb.o

    ----------------------------------------------------------------------
      7568        312        592         16       1992     918279   Object Totals
         0          0         32          0          0          0   (incl. Generated)
        12          0          0          0          0          0   (incl. Padding)

    ----------------------------------------------------------------------

      Code (inc. data)   RO Data    RW Data    ZI Data      Debug   Library Member Name

         0          0          0          0          0          0   entry.o
         0          0          0          0          0          0   entry10a.o
         0          0          0          0          0          0   entry11a.o
         8          4          0          0          0          0   entry2.o
         4          0          0          0          0          0   entry5.o
         0          0          0          0          0          0   entry7b.o
         0          0          0          0          0          0   entry8b.o
         8          4          0          0          0          0   entry9a.o
        30          0          0          0          0          0   handlers.o
        36          8          0          0          0         68   init.o
        30          0          0          0          0         68   llshl.o
        32          0          0          0          0         68   llushr.o
        36          0          0          0          0         68   memcpya.o
        36          0          0          0          0        108   memseta.o
        50          8          0          0          0        152   printfb.o
         0          0          0          4          0          0   stdout.o
        98          0          0          0          0         92   uldiv.o

    ----------------------------------------------------------------------
       368         24          0          4          0        624   Library Totals
         0          0          0          0          0          0   (incl. Padding)

    ----------------------------------------------------------------------

      Code (inc. data)   RO Data    RW Data    ZI Data      Debug   Library Name

       368         24          0          4          0        624   mc_w.l

    ----------------------------------------------------------------------
       368         24          0          4          0        624   Library Totals

    ----------------------------------------------------------------------

==============================================================================


      Code (inc. data)   RO Data    RW Data    ZI Data      Debug   

      7936        336        592         20       1992     911147   Grand Totals
      7936        336        592         20       1992     911147   ELF Image Totals
      7936        336        592         20          0          0   ROM Totals

==============================================================================

    Total RO  Size (Code + RO Data)                 8528 (   8.33kB)
    Total RW  Size (RW Data + ZI Data)              2012 (   1.96kB)
    Total ROM Size (Code + RO Data + RW Data)       8548 (   8.35kB)

==============================================================================

